[    0.000000] Linux version 6.18.0-esp-LKP26 (root@aquamarine) (gcc (Ubuntu 13.3.0-6ubuntu2~24.04) 13.3.0, GNU ld (GNU Binutils for Ubuntu) 2.42) #1 SMP PREEMPT_DYNAMIC Tue Jan 27 01:35:02 UTC 2026
[    0.000000] Command line: BOOT_IMAGE=/vmlinuz-6.18.0-esp-LKP26 root=UUID=d36f7414-beb7-45e0-900e-9ab79cdbcb2d ro console=ttyS0,115200 initcall_debug console=tty1 console=ttyS0
[    0.000000] KERNEL supported cpus:
[    0.000000]   Intel GenuineIntel
[    0.000000]   AMD AuthenticAMD
[    0.000000]   Hygon HygonGenuine
[    0.000000]   Centaur CentaurHauls
[    0.000000]   zhaoxin   Shanghai  
[    0.000000] x86/split lock detection: #DB: warning on user-space bus_locks
[    0.000000] BIOS-provided physical RAM map:
[    0.000000] BIOS-e820: [mem 0x0000000000000000-0x000000000009ffff] usable
[    0.000000] BIOS-e820: [mem 0x0000000000100000-0x00000000007fffff] usable
[    0.000000] BIOS-e820: [mem 0x0000000000800000-0x0000000000807fff] ACPI NVS
[    0.000000] BIOS-e820: [mem 0x0000000000808000-0x000000000080afff] usable
[    0.000000] BIOS-e820: [mem 0x000000000080b000-0x000000000080bfff] ACPI NVS
[    0.000000] BIOS-e820: [mem 0x000000000080c000-0x0000000000810fff] usable
[    0.000000] BIOS-e820: [mem 0x0000000000811000-0x00000000008fffff] ACPI NVS
[    0.000000] BIOS-e820: [mem 0x0000000000900000-0x000000007ea32fff] usable
[    0.000000] BIOS-e820: [mem 0x000000007ea33000-0x000000007eaf3fff] reserved
[    0.000000] BIOS-e820: [mem 0x000000007eaf4000-0x000000007f6ecfff] usable
[    0.000000] BIOS-e820: [mem 0x000000007f6ed000-0x000000007f96cfff] reserved
[    0.000000] BIOS-e820: [mem 0x000000007f96d000-0x000000007f97efff] ACPI data
[    0.000000] BIOS-e820: [mem 0x000000007f97f000-0x000000007f9fefff] ACPI NVS
[    0.000000] BIOS-e820: [mem 0x000000007f9ff000-0x000000007fccefff] usable
[    0.000000] BIOS-e820: [mem 0x000000007fccf000-0x000000007fcd2fff] reserved
[    0.000000] BIOS-e820: [mem 0x000000007fcd3000-0x000000007fcd4fff] ACPI NVS
[    0.000000] BIOS-e820: [mem 0x000000007fcd5000-0x000000007fdfbfff] usable
[    0.000000] BIOS-e820: [mem 0x000000007fdfc000-0x000000007fe7ffff] reserved
[    0.000000] BIOS-e820: [mem 0x000000007fe80000-0x000000007fffffff] ACPI NVS
[    0.000000] BIOS-e820: [mem 0x00000000e0000000-0x00000000efffffff] reserved
[    0.000000] BIOS-e820: [mem 0x00000000feffc000-0x00000000feffffff] reserved
[    0.000000] BIOS-e820: [mem 0x0000000100000000-0x000000407fffffff] usable
[    0.000000] NX (Execute Disable) protection: active
[    0.000000] APIC: Static calls initialized
[    0.000000] efi: EFI v2.7 by Ubuntu distribution of EDK II
[    0.000000] efi: SMBIOS=0x7f788000 ACPI=0x7f97e000 ACPI 2.0=0x7f97e014 MEMATTR=0x7de31018 MOKvar=0x7f784000 INITRD=0x7de39a18 RNG=0x7f974018 
[    0.000000] random: crng init done
[    0.000000] SMBIOS 2.8 present.
[    0.000000] DMI: QEMU Standard PC (Q35 + ICH9, 2009), BIOS 2025.02-3ubuntu2.2 10/08/2025
[    0.000000] DMI: Memory slots populated: 1/1
[    0.000000] Hypervisor detected: KVM
[    0.000000] last_pfn = 0x7fdfc max_arch_pfn = 0x10000000000
[    0.000000] kvm-clock: Using msrs 4b564d01 and 4b564d00
[    0.000001] kvm-clock: using sched offset of 93393184908 cycles
[    0.000003] clocksource: kvm-clock: mask: 0xffffffffffffffff max_cycles: 0x1cd42e4dffb, max_idle_ns: 881590591483 ns
[    0.000006] tsc: Detected 2700.000 MHz processor
[    0.001253] e820: update [mem 0x00000000-0x00000fff] usable ==> reserved
[    0.001257] e820: remove [mem 0x000a0000-0x000fffff] usable
[    0.001265] last_pfn = 0x4080000 max_arch_pfn = 0x10000000000
[    0.001301] MTRR map: 4 entries (2 fixed + 2 variable; max 18), built from 8 variable MTRRs
[    0.001304] x86/PAT: Configuration [0-7]: WB  WC  UC- UC  WB  WP  UC- WT  
[    0.001348] last_pfn = 0x7fdfc max_arch_pfn = 0x10000000000
[    0.006870] Using GB pages for direct mapping
[    0.008118] Secure boot disabled
[    0.008120] RAMDISK: [mem 0x5493e000-0x78e09fff]
[    0.008197] ACPI: Early table checksum verification disabled
[    0.008203] ACPI: RSDP 0x000000007F97E014 000024 (v02 BOCHS )
[    0.008208] ACPI: XSDT 0x000000007F97D0E8 00004C (v01 BOCHS  BXPC     00000001      01000013)
[    0.008214] ACPI: FACP 0x000000007F979000 0000F4 (v03 BOCHS  BXPC     00000001 BXPC 00000001)
[    0.008220] ACPI: DSDT 0x000000007F97A000 002AF0 (v01 BOCHS  BXPC     00000001 BXPC 00000001)
[    0.008222] ACPI: FACS 0x000000007F9DD000 000040
[    0.008224] ACPI: APIC 0x000000007F978000 000170 (v03 BOCHS  BXPC     00000001 BXPC 00000001)
[    0.008227] ACPI: HPET 0x000000007F977000 000038 (v01 BOCHS  BXPC     00000001 BXPC 00000001)
[    0.008228] ACPI: MCFG 0x000000007F976000 00003C (v01 BOCHS  BXPC     00000001 BXPC 00000001)
[    0.008230] ACPI: WAET 0x000000007F975000 000028 (v01 BOCHS  BXPC     00000001 BXPC 00000001)
[    0.008232] ACPI: Reserving FACP table memory at [mem 0x7f979000-0x7f9790f3]
[    0.008233] ACPI: Reserving DSDT table memory at [mem 0x7f97a000-0x7f97caef]
[    0.008233] ACPI: Reserving FACS table memory at [mem 0x7f9dd000-0x7f9dd03f]
[    0.008234] ACPI: Reserving APIC table memory at [mem 0x7f978000-0x7f97816f]
[    0.008234] ACPI: Reserving HPET table memory at [mem 0x7f977000-0x7f977037]
[    0.008235] ACPI: Reserving MCFG table memory at [mem 0x7f976000-0x7f97603b]
[    0.008235] ACPI: Reserving WAET table memory at [mem 0x7f975000-0x7f975027]
[    0.008526] No NUMA configuration found
[    0.008527] Faking a node at [mem 0x0000000000000000-0x000000407fffffff]
[    0.008532] NODE_DATA(0) allocated [mem 0x407ffd3500-0x407fffdfff]
[    0.008838] Zone ranges:
[    0.008838]   DMA      [mem 0x0000000000001000-0x0000000000ffffff]
[    0.008840]   DMA32    [mem 0x0000000001000000-0x00000000ffffffff]
[    0.008841]   Normal   [mem 0x0000000100000000-0x000000407fffffff]
[    0.008842]   Device   empty
[    0.008843] Movable zone start for each node
[    0.008844] Early memory node ranges
[    0.008844]   node   0: [mem 0x0000000000001000-0x000000000009ffff]
[    0.008845]   node   0: [mem 0x0000000000100000-0x00000000007fffff]
[    0.008846]   node   0: [mem 0x0000000000808000-0x000000000080afff]
[    0.008846]   node   0: [mem 0x000000000080c000-0x0000000000810fff]
[    0.008847]   node   0: [mem 0x0000000000900000-0x000000007ea32fff]
[    0.008847]   node   0: [mem 0x000000007eaf4000-0x000000007f6ecfff]
[    0.008848]   node   0: [mem 0x000000007f9ff000-0x000000007fccefff]
[    0.008848]   node   0: [mem 0x000000007fcd5000-0x000000007fdfbfff]
[    0.008849]   node   0: [mem 0x0000000100000000-0x000000407fffffff]
[    0.008860] Initmem setup node 0 [mem 0x0000000000001000-0x000000407fffffff]
[    0.009503] On node 0, zone DMA: 1 pages in unavailable ranges
[    0.009513] On node 0, zone DMA: 96 pages in unavailable ranges
[    0.009514] On node 0, zone DMA: 8 pages in unavailable ranges
[    0.009515] On node 0, zone DMA: 1 pages in unavailable ranges
[    0.009522] On node 0, zone DMA: 239 pages in unavailable ranges
[    0.019520] On node 0, zone DMA32: 193 pages in unavailable ranges
[    0.019524] On node 0, zone DMA32: 786 pages in unavailable ranges
[    0.019525] On node 0, zone DMA32: 6 pages in unavailable ranges
[    1.164469] On node 0, zone Normal: 516 pages in unavailable ranges
[    1.164794] ACPI: PM-Timer IO Port: 0x608
[    1.164814] ACPI: LAPIC_NMI (acpi_id[0xff] dfl dfl lint[0x1])
[    1.164857] IOAPIC[0]: apic_id 0, version 17, address 0xfec00000, GSI 0-23
[    1.164859] ACPI: INT_SRC_OVR (bus 0 bus_irq 0 global_irq 2 dfl dfl)
[    1.164861] ACPI: INT_SRC_OVR (bus 0 bus_irq 5 global_irq 5 high level)
[    1.164862] ACPI: INT_SRC_OVR (bus 0 bus_irq 9 global_irq 9 high level)
[    1.164863] ACPI: INT_SRC_OVR (bus 0 bus_irq 10 global_irq 10 high level)
[    1.164863] ACPI: INT_SRC_OVR (bus 0 bus_irq 11 global_irq 11 high level)
[    1.164866] ACPI: Using ACPI (MADT) for SMP configuration information
[    1.164867] ACPI: HPET id: 0x8086a201 base: 0xfed00000
[    1.164873] TSC deadline timer available
[    1.164876] CPU topo: Max. logical packages:   1
[    1.164877] CPU topo: Max. logical dies:       1
[    1.164877] CPU topo: Max. dies per package:   1
[    1.164880] CPU topo: Max. threads per core:   1
[    1.164881] CPU topo: Num. cores per package:    32
[    1.164882] CPU topo: Num. threads per package:  32
[    1.164882] CPU topo: Allowing 32 present CPUs plus 0 hotplug CPUs
[    1.164902] kvm-guest: APIC: eoi() replaced with kvm_guest_apic_eoi_write()
[    1.164919] kvm-guest: KVM setup pv remote TLB flush
[    1.164923] kvm-guest: setup PV sched yield
[    1.164934] PM: hibernation: Registered nosave memory: [mem 0x00000000-0x00000fff]
[    1.164936] PM: hibernation: Registered nosave memory: [mem 0x000a0000-0x000fffff]
[    1.164937] PM: hibernation: Registered nosave memory: [mem 0x00800000-0x00807fff]
[    1.164938] PM: hibernation: Registered nosave memory: [mem 0x0080b000-0x0080bfff]
[    1.164939] PM: hibernation: Registered nosave memory: [mem 0x00811000-0x008fffff]
[    1.164940] PM: hibernation: Registered nosave memory: [mem 0x7ea33000-0x7eaf3fff]
[    1.164941] PM: hibernation: Registered nosave memory: [mem 0x7f6ed000-0x7f9fefff]
[    1.164942] PM: hibernation: Registered nosave memory: [mem 0x7fccf000-0x7fcd4fff]
[    1.164943] PM: hibernation: Registered nosave memory: [mem 0x7fdfc000-0xffffffff]
[    1.164944] [mem 0x80000000-0xdfffffff] available for PCI devices
[    1.164946] Booting paravirtualized kernel on KVM
[    1.164948] clocksource: refined-jiffies: mask: 0xffffffff max_cycles: 0xffffffff, max_idle_ns: 1910969940391419 ns
[    1.164959] setup_percpu: NR_CPUS:8192 nr_cpumask_bits:32 nr_cpu_ids:32 nr_node_ids:1
[    1.169721] percpu: Embedded 84 pages/cpu s221184 r8192 d114688 u524288
[    1.169728] pcpu-alloc: s221184 r8192 d114688 u524288 alloc=1*2097152
[    1.169730] pcpu-alloc: [0] 00 01 02 03 [0] 04 05 06 07 
[    1.169734] pcpu-alloc: [0] 08 09 10 11 [0] 12 13 14 15 
[    1.169737] pcpu-alloc: [0] 16 17 18 19 [0] 20 21 22 23 
[    1.169740] pcpu-alloc: [0] 24 25 26 27 [0] 28 29 30 31 
[    1.169781] kvm-guest: PV spinlocks enabled
[    1.169784] PV qspinlock hash table entries: 256 (order: 0, 4096 bytes, linear)
[    1.169788] Kernel command line: BOOT_IMAGE=/vmlinuz-6.18.0-esp-LKP26 root=UUID=d36f7414-beb7-45e0-900e-9ab79cdbcb2d ro console=ttyS0,115200 initcall_debug console=tty1 console=ttyS0
[    1.169847] printk: log buffer data + meta data: 262144 + 917504 = 1179648 bytes
[    1.205421] Dentry cache hash table entries: 16777216 (order: 15, 134217728 bytes, linear)
[    1.223257] Inode-cache hash table entries: 8388608 (order: 14, 67108864 bytes, linear)
[    1.223581] software IO TLB: area num 32.
[    1.243921] Fallback order for Node 0: 0 
[    1.243928] Built 1 zonelists, mobility grouping on.  Total pages: 67107018
[    1.243929] Policy zone: Normal
[    1.243937] mem auto-init: stack:all(zero), heap alloc:on, heap free:off
[    1.675101] SLUB: HWalign=64, Order=0-3, MinObjects=0, CPUs=32, Nodes=1
[    1.690825] ftrace: allocating 57230 entries in 224 pages
[    1.690828] ftrace: allocated 224 pages with 3 groups
[    1.692922] Dynamic Preempt: voluntary
[    1.693737] rcu: Preemptible hierarchical RCU implementation.
[    1.693739] rcu: 	RCU restricting CPUs from NR_CPUS=8192 to nr_cpu_ids=32.
[    1.693741] 	Trampoline variant of Tasks RCU enabled.
[    1.693741] 	Rude variant of Tasks RCU enabled.
[    1.693742] 	Tracing variant of Tasks RCU enabled.
[    1.693742] rcu: RCU calculated value of scheduler-enlistment delay is 100 jiffies.
[    1.693743] rcu: Adjusting geometry for rcu_fanout_leaf=16, nr_cpu_ids=32
[    1.693771] RCU Tasks: Setting shift to 5 and lim to 1 rcu_task_cb_adjust=1 rcu_task_cpu_ids=32.
[    1.693775] RCU Tasks Rude: Setting shift to 5 and lim to 1 rcu_task_cb_adjust=1 rcu_task_cpu_ids=32.
[    1.693779] RCU Tasks Trace: Setting shift to 5 and lim to 1 rcu_task_cb_adjust=1 rcu_task_cpu_ids=32.
[    1.696360] NR_IRQS: 524544, nr_irqs: 680, preallocated irqs: 16
[    1.696652] rcu: srcu_init: Setting srcu_struct sizes based on contention.
[    1.696785] entering initcall level: console
[    1.696786] calling  con_init+0x0/0x2e0 @ 0
[    1.696811] Console: colour dummy device 80x25
[    1.696815] printk: legacy console [tty1] enabled
[    1.696958] initcall con_init+0x0/0x2e0 returned 0 after 0 usecs
[    1.696961] calling  hvc_console_init+0x0/0x20 @ 0
[    1.696964] initcall hvc_console_init+0x0/0x20 returned 0 after 0 usecs
[    1.696966] calling  xen_cons_init+0x0/0x70 @ 0
[    1.696970] initcall xen_cons_init+0x0/0x70 returned 0 after 0 usecs
[    1.696981] calling  univ8250_console_init+0x0/0x40 @ 0
[    1.697056] printk: legacy console [ttyS0] enabled
[    1.814820] initcall univ8250_console_init+0x0/0x40 returned 0 after 0 usecs
[    1.814822] calling  kgdboc_earlycon_late_init+0x0/0x60 @ 0
[    1.814824] initcall kgdboc_earlycon_late_init+0x0/0x60 returned 0 after 0 usecs
[    1.814870] ACPI: Core revision 20250807
[    1.815516] clocksource: hpet: mask: 0xffffffff max_cycles: 0xffffffff, max_idle_ns: 19112604467 ns
[    1.816797] APIC: Switch to symmetric I/O mode setup
[    1.817662] x2apic enabled
[    1.818339] APIC: Switched APIC routing to: physical x2apic
[    1.819018] kvm-guest: APIC: send_IPI_mask() replaced with kvm_send_ipi_mask()
[    1.819890] kvm-guest: APIC: send_IPI_mask_allbutself() replaced with kvm_send_ipi_mask_allbutself()
[    1.820981] kvm-guest: setup PV IPIs
[    1.823306] ..TIMER: vector=0x30 apic1=0 pin1=2 apic2=-1 pin2=-1
[    1.824150] clocksource: tsc-early: mask: 0xffffffffffffffff max_cycles: 0x26eb3e3cc63, max_idle_ns: 440795236593 ns
[    1.825569] Calibrating delay loop (skipped) preset value.. 5400.00 BogoMIPS (lpj=2700000)
[    1.827603] x86/cpu: User Mode Instruction Prevention (UMIP) activated
[    1.828547] Last level iTLB entries: 4KB 0, 2MB 0, 4MB 0
[    1.828568] Last level dTLB entries: 4KB 0, 2MB 0, 4MB 0, 1GB 0
[    1.829578] mitigations: Enabled attack vectors: user_kernel, user_user, guest_host, guest_guest, SMT mitigations: auto
[    1.830569] Speculative Store Bypass: Mitigation: Speculative Store Bypass disabled via prctl
[    1.831569] Spectre V2 : Mitigation: Enhanced / Automatic IBRS
[    1.832340] Spectre V1 : Mitigation: usercopy/swapgs barriers and __user pointer sanitization
[    1.832570] Spectre V2 : mitigation: Enabling conditional Indirect Branch Prediction Barrier
[    1.833599] x86/fpu: Supporting XSAVE feature 0x001: 'x87 floating point registers'
[    1.834568] x86/fpu: Supporting XSAVE feature 0x002: 'SSE registers'
[    1.835568] x86/fpu: Supporting XSAVE feature 0x004: 'AVX registers'
[    1.836568] x86/fpu: Supporting XSAVE feature 0x020: 'AVX-512 opmask'
[    1.837389] x86/fpu: Supporting XSAVE feature 0x040: 'AVX-512 Hi256'
[    1.837568] x86/fpu: Supporting XSAVE feature 0x080: 'AVX-512 ZMM_Hi256'
[    1.838568] x86/fpu: Supporting XSAVE feature 0x200: 'Protection Keys User registers'
[    1.839568] x86/fpu: Supporting XSAVE feature 0x20000: 'AMX Tile config'
[    1.840568] x86/fpu: Supporting XSAVE feature 0x40000: 'AMX Tile data'
[    1.841568] x86/fpu: xstate_offset[2]:  576, xstate_sizes[2]:  256
[    1.842568] x86/fpu: xstate_offset[5]:  832, xstate_sizes[5]:   64
[    1.843568] x86/fpu: xstate_offset[6]:  896, xstate_sizes[6]:  512
[    1.844355] x86/fpu: xstate_offset[7]: 1408, xstate_sizes[7]: 1024
[    1.844568] x86/fpu: xstate_offset[9]: 2432, xstate_sizes[9]:    8
[    1.845568] x86/fpu: xstate_offset[17]: 2496, xstate_sizes[17]:   64
[    1.846568] x86/fpu: xstate_offset[18]: 2560, xstate_sizes[18]: 8192
[    1.847568] x86/fpu: Enabled xstate features 0x602e7, context size is 10752 bytes, using 'compacted' format.
[    1.876311] Freeing SMP alternatives memory: 52K
[    1.876572] pid_max: default: 32768 minimum: 301
[    1.877643] LSM: initializing lsm=lockdown,capability,landlock,yama,apparmor,ima,evm
[    1.878662] landlock: Up and running.
[    1.879127] Yama: becoming mindful.
[    1.880598] AppArmor: AppArmor initialized
[    1.881694] Mount-cache hash table entries: 262144 (order: 9, 2097152 bytes, linear)
[    1.883687] Mountpoint-cache hash table entries: 262144 (order: 9, 2097152 bytes, linear)
[    1.885036] smpboot: CPU0: Intel(R) Xeon(R) 6960P (family: 0x6, model: 0xad, stepping: 0x1)
[    1.885729] entering initcall level: early
[    1.885732] calling  init_hw_perf_events+0x0/0x770 @ 1
[    1.885737] Performance Events: PEBS fmt0-, Granite Rapids events, full-width counters, Intel PMU driver.
[    1.886572] ... version:                   2
[    1.887194] ... bit width:                 48
[    1.887569] ... generic counters:          8
[    1.888164] ... generic bitmap:            00000000000000ff
[    1.888569] ... fixed-purpose counters:    3
[    1.889119] ... fixed-purpose bitmap:      0000000000000007
[    1.889569] ... value mask:                0000ffffffffffff
[    1.890306] ... max period:                00007fffffffffff
[    1.890569] ... global_ctrl mask:          00000007000000ff
[    1.891582] initcall init_hw_perf_events+0x0/0x770 returned 0 after 6000 usecs
[    1.891584] calling  bts_init+0x0/0x130 @ 1
[    1.891640] initcall bts_init+0x0/0x130 returned 0 after 0 usecs
[    1.891642] calling  mc_debug_enable+0x0/0xc0 @ 1
[    1.891644] initcall mc_debug_enable+0x0/0xc0 returned 0 after 0 usecs
[    1.891645] calling  do_init_real_mode+0x0/0x20 @ 1
[    1.891710] initcall do_init_real_mode+0x0/0x20 returned 0 after 0 usecs
[    1.891712] calling  init_sigframe_size+0x0/0x50 @ 1
[    1.891714] signal: max sigframe size: 11952
[    1.892318] initcall init_sigframe_size+0x0/0x50 returned 0 after 0 usecs
[    1.892319] calling  trace_init_perf_perm_irq_work_exit+0x0/0x20 @ 1
[    1.892321] initcall trace_init_perf_perm_irq_work_exit+0x0/0x20 returned 0 after 0 usecs
[    1.892322] calling  cache_ap_register+0x0/0x70 @ 1
[    1.892325] initcall cache_ap_register+0x0/0x70 returned 0 after 0 usecs
[    1.892326] calling  bp_init_aperfmperf+0x0/0x300 @ 1
[    1.892328] initcall bp_init_aperfmperf+0x0/0x300 returned 0 after 0 usecs
[    1.892329] calling  save_builtin_microcode+0x0/0xf0 @ 1
[    1.892332] initcall save_builtin_microcode+0x0/0xf0 returned 0 after 0 usecs
[    1.892334] calling  save_microcode_in_initrd+0x0/0x1d0 @ 1
[    1.892336] initcall save_microcode_in_initrd+0x0/0x1d0 returned 0 after 0 usecs
[    1.892338] calling  register_nmi_cpu_backtrace_handler+0x0/0x30 @ 1
[    1.892341] initcall register_nmi_cpu_backtrace_handler+0x0/0x30 returned 0 after 0 usecs
[    1.892342] calling  numachip_system_init+0x0/0x80 @ 1
[    1.892344] initcall numachip_system_init+0x0/0x80 returned 0 after 0 usecs
[    1.892346] calling  kvm_setup_vsyscall_timeinfo+0x0/0x230 @ 1
[    1.892348] initcall kvm_setup_vsyscall_timeinfo+0x0/0x230 returned 0 after 0 usecs
[    1.892350] calling  spawn_ksoftirqd+0x0/0x70 @ 1
[    1.892367] initcall spawn_ksoftirqd+0x0/0x70 returned 0 after 0 usecs
[    1.892368] calling  init_signal_sysctls+0x0/0x60 @ 1
[    1.892372] initcall init_signal_sysctls+0x0/0x60 returned 0 after 0 usecs
[    1.892374] calling  init_umh_sysctls+0x0/0x40 @ 1
[    1.892377] initcall init_umh_sysctls+0x0/0x40 returned 0 after 0 usecs
[    1.892379] calling  kthreads_init+0x0/0x40 @ 1
[    1.892383] initcall kthreads_init+0x0/0x40 returned 0 after 0 usecs
[    1.892385] calling  migration_init+0x0/0x20 @ 1
[    1.892387] initcall migration_init+0x0/0x20 returned 0 after 0 usecs
[    1.892389] calling  printk_set_kthreads_ready+0x0/0x50 @ 1
[    1.892391] initcall printk_set_kthreads_ready+0x0/0x50 returned 0 after 0 usecs
[    1.892392] calling  srcu_bootup_announce+0x0/0x90 @ 1
[    1.892394] rcu: Hierarchical SRCU implementation.
[    1.892570] rcu: 	Max phase no-delay instances is 400.
[    1.893210] initcall srcu_bootup_announce+0x0/0x90 returned 0 after 1000 usecs
[    1.893212] calling  rcu_spawn_gp_kthread+0x0/0x300 @ 1
[    1.893246] initcall rcu_spawn_gp_kthread+0x0/0x300 returned 0 after 0 usecs
[    1.893248] calling  check_cpu_stall_init+0x0/0x30 @ 1
[    1.893250] initcall check_cpu_stall_init+0x0/0x30 returned 0 after 0 usecs
[    1.893251] calling  rcu_sysrq_init+0x0/0x60 @ 1
[    1.893253] initcall rcu_sysrq_init+0x0/0x60 returned 0 after 0 usecs
[    1.893254] calling  trace_init_flags_sys_enter+0x0/0x20 @ 1
[    1.893255] initcall trace_init_flags_sys_enter+0x0/0x20 returned 0 after 0 usecs
[    1.893257] calling  trace_init_flags_sys_exit+0x0/0x20 @ 1
[    1.893259] initcall trace_init_flags_sys_exit+0x0/0x20 returned 0 after 0 usecs
[    1.893260] calling  tmigr_init+0x0/0x1a0 @ 1
[    1.893262] Timer migration: 2 hierarchy levels; 8 children per group; 2 crossnode level
[    1.893571] initcall tmigr_init+0x0/0x1a0 returned 0 after 1000 usecs
[    1.893574] calling  cpu_stop_init+0x0/0x100 @ 1
[    1.893588] initcall cpu_stop_init+0x0/0x100 returned 0 after 0 usecs
[    1.893589] calling  init_kprobes+0x0/0x1f0 @ 1
[    1.893698] initcall init_kprobes+0x0/0x1f0 returned 0 after 0 usecs
[    1.893700] calling  init_trace_printk+0x0/0x20 @ 1
[    1.893704] initcall init_trace_printk+0x0/0x20 returned 0 after 0 usecs
[    1.893706] calling  event_trace_enable_again+0x0/0x60 @ 1
[    1.893709] initcall event_trace_enable_again+0x0/0x60 returned 0 after 0 usecs
[    1.893711] calling  init_fprobe_module+0x0/0x20 @ 1
[    1.893713] initcall init_fprobe_module+0x0/0x20 returned 0 after 0 usecs
[    1.893714] calling  irq_work_init_threads+0x0/0x10 @ 1
[    1.893715] initcall irq_work_init_threads+0x0/0x10 returned 0 after 0 usecs
[    1.893716] calling  static_call_init+0x0/0xa0 @ 1
[    1.893718] initcall static_call_init+0x0/0xa0 returned 0 after 0 usecs
[    1.893720] calling  jump_label_init_module+0x0/0x20 @ 1
[    1.893721] initcall jump_label_init_module+0x0/0x20 returned 0 after 0 usecs
[    1.893723] calling  init_zero_pfn+0x0/0x50 @ 1
[    1.893725] initcall init_zero_pfn+0x0/0x50 returned 0 after 0 usecs
[    1.893726] calling  init_fs_inode_sysctls+0x0/0x40 @ 1
[    1.893729] initcall init_fs_inode_sysctls+0x0/0x40 returned 0 after 0 usecs
[    1.893730] calling  init_fs_locks_sysctls+0x0/0x40 @ 1
[    1.893733] initcall init_fs_locks_sysctls+0x0/0x40 returned 0 after 0 usecs
[    1.893735] calling  init_fs_sysctls+0x0/0x40 @ 1
[    1.893738] initcall init_fs_sysctls+0x0/0x40 returned 0 after 0 usecs
[    1.893740] calling  init_security_keys_sysctls+0x0/0x40 @ 1
[    1.893744] initcall init_security_keys_sysctls+0x0/0x40 returned 0 after 0 usecs
[    1.893745] calling  dynamic_debug_init+0x0/0x2d0 @ 1
[    1.893822] initcall dynamic_debug_init+0x0/0x2d0 returned 0 after 0 usecs
[    1.893824] calling  unpopulated_init+0x0/0x60 @ 1
[    1.893827] initcall unpopulated_init+0x0/0x60 returned -19 after 0 usecs
[    1.893829] calling  efi_memreserve_root_init+0x0/0x80 @ 1
[    1.893832] initcall efi_memreserve_root_init+0x0/0x80 returned 0 after 0 usecs
[    1.893834] calling  efi_earlycon_remap_fb+0x0/0x90 @ 1
[    1.893835] initcall efi_earlycon_remap_fb+0x0/0x90 returned 0 after 0 usecs
[    1.893836] calling  idle_inject_init+0x0/0x20 @ 1
[    1.893849] initcall idle_inject_init+0x0/0x20 returned 0 after 0 usecs
[    1.895324] smp: Bringing up secondary CPUs ...
[    1.895680] smpboot: x86: Booting SMP configuration:
[    1.896358] .... node  #0, CPUs:        #1  #2  #3  #4  #5  #6  #7  #8  #9 #10 #11 #12 #13 #14 #15 #16 #17 #18 #19 #20 #21 #22 #23 #24 #25 #26 #27 #28 #29 #30 #31
[    1.919945] smp: Brought up 1 node, 32 CPUs
[    1.921150] smpboot: Total of 32 processors activated (172800.00 BogoMIPS)
[    1.922940] Memory: 263278704K/268428072K available (21710K kernel code, 4646K rwdata, 14784K rodata, 5100K init, 4388K bss, 5118268K reserved, 0K cma-reserved)
[    1.931685] devtmpfs: initialized
[    1.932623] x86/mm: Memory block size: 2048MB
[    1.934573] entering initcall level: pure
[    1.934575] calling  setup_split_lock_delayed_work+0x0/0xc0 @ 1
[    1.934583] initcall setup_split_lock_delayed_work+0x0/0xc0 returned 0 after 0 usecs
[    1.934585] calling  bpf_jit_charge_init+0x0/0x50 @ 1
[    1.934588] initcall bpf_jit_charge_init+0x0/0x50 returned 0 after 0 usecs
[    1.934589] calling  ipc_ns_init+0x0/0x70 @ 1
[    1.934597] initcall ipc_ns_init+0x0/0x70 returned 0 after 0 usecs
[    1.934600] calling  init_mmap_min_addr+0x0/0x50 @ 1
[    1.934604] initcall init_mmap_min_addr+0x0/0x50 returned 0 after 0 usecs
[    1.934605] calling  pci_realloc_setup_params+0x0/0x90 @ 1
[    1.934608] initcall pci_realloc_setup_params+0x0/0x90 returned 0 after 0 usecs
[    1.934610] calling  inet_frag_wq_init+0x0/0x50 @ 1
[    1.934643] initcall inet_frag_wq_init+0x0/0x50 returned 0 after 0 usecs
[    1.934643] entering initcall level: core
[    1.934643] calling  xen_pvh_gnttab_setup+0x0/0x70 @ 1
[    1.934643] initcall xen_pvh_gnttab_setup+0x0/0x70 returned -19 after 0 usecs
[    1.934643] calling  e820__register_nvs_regions+0x0/0x90 @ 1
[    1.934643] ACPI: PM: Registering ACPI NVS region [mem 0x00800000-0x00807fff] (32768 bytes)
[    1.935571] ACPI: PM: Registering ACPI NVS region [mem 0x0080b000-0x0080bfff] (4096 bytes)
[    1.936569] ACPI: PM: Registering ACPI NVS region [mem 0x00811000-0x008fffff] (978944 bytes)
[    1.937575] ACPI: PM: Registering ACPI NVS region [mem 0x7f97f000-0x7f9fefff] (524288 bytes)
[    1.938583] ACPI: PM: Registering ACPI NVS region [mem 0x7fcd3000-0x7fcd4fff] (8192 bytes)
[    1.939571] ACPI: PM: Registering ACPI NVS region [mem 0x7fe80000-0x7fffffff] (1572864 bytes)
[    1.940577] initcall e820__register_nvs_regions+0x0/0x90 returned 0 after 6000 usecs
[    1.940580] calling  cpufreq_register_tsc_scaling+0x0/0x50 @ 1
[    1.940582] initcall cpufreq_register_tsc_scaling+0x0/0x50 returned 0 after 0 usecs
[    1.940583] calling  reboot_init+0x0/0x60 @ 1
[    1.940588] initcall reboot_init+0x0/0x60 returned 0 after 0 usecs
[    1.940590] calling  init_lapic_sysfs+0x0/0x40 @ 1
[    1.940592] initcall init_lapic_sysfs+0x0/0x40 returned 0 after 0 usecs
[    1.940594] calling  alloc_frozen_cpus+0x0/0x40 @ 1
[    1.940596] initcall alloc_frozen_cpus+0x0/0x40 returned 0 after 0 usecs
[    1.940597] calling  cpu_hotplug_pm_sync_init+0x0/0x20 @ 1
[    1.940599] initcall cpu_hotplug_pm_sync_init+0x0/0x20 returned 0 after 0 usecs
[    1.940600] calling  wq_sysfs_init+0x0/0x30 @ 1
[    1.940616] initcall wq_sysfs_init+0x0/0x30 returned 0 after 0 usecs
[    1.940617] calling  ksysfs_init+0x0/0xd0 @ 1
[    1.940623] initcall ksysfs_init+0x0/0xd0 returned 0 after 0 usecs
[    1.940625] calling  schedutil_gov_init+0x0/0x20 @ 1
[    1.940627] initcall schedutil_gov_init+0x0/0x20 returned 0 after 0 usecs
[    1.940629] calling  pm_init+0x0/0xc0 @ 1
[    1.940649] initcall pm_init+0x0/0xc0 returned 0 after 0 usecs
[    1.940651] calling  pm_disk_init+0x0/0x30 @ 1
[    1.940656] initcall pm_disk_init+0x0/0x30 returned 0 after 0 usecs
[    1.940659] calling  swsusp_header_init+0x0/0x40 @ 1
[    1.940661] initcall swsusp_header_init+0x0/0x40 returned 0 after 0 usecs
[    1.940662] calling  rcu_set_runtime_mode+0x0/0x20 @ 1
[    1.940665] initcall rcu_set_runtime_mode+0x0/0x20 returned 0 after 0 usecs
[    1.940666] calling  rcu_init_tasks_generic+0x0/0x100 @ 1
[    1.940702] initcall rcu_init_tasks_generic+0x0/0x100 returned 0 after 0 usecs
[    1.940702] calling  init_jiffies_clocksource+0x0/0x30 @ 1
[    1.940702] clocksource: jiffies: mask: 0xffffffff max_cycles: 0xffffffff, max_idle_ns: 1911260446275000 ns
[    1.941571] initcall init_jiffies_clocksource+0x0/0x30 returned 0 after 1000 usecs
[    1.941573] calling  posixtimer_init+0x0/0x200 @ 1
[    1.941622] posixtimers hash table entries: 16384 (order: 6, 262144 bytes, linear)
[    1.942577] initcall posixtimer_init+0x0/0x200 returned 0 after 1000 usecs
[    1.942579] calling  futex_init+0x0/0x230 @ 1
[    1.942715] futex hash table entries: 8192 (524288 bytes on 1 NUMA nodes, total 512 KiB, linear).
[    1.943570] initcall futex_init+0x0/0x230 returned 0 after 1000 usecs
[    1.943572] calling  cgroup_wq_init+0x0/0x90 @ 1
[    1.943598] initcall cgroup_wq_init+0x0/0x90 returned 0 after 0 usecs
[    1.943600] calling  cgroup1_wq_init+0x0/0x40 @ 1
[    1.943609] initcall cgroup1_wq_init+0x0/0x40 returned 0 after 0 usecs
[    1.943610] calling  ftrace_mod_cmd_init+0x0/0x20 @ 1
[    1.943614] initcall ftrace_mod_cmd_init+0x0/0x20 returned 0 after 0 usecs
[    1.943616] calling  init_wakeup_tracer+0x0/0x40 @ 1
[    1.943620] initcall init_wakeup_tracer+0x0/0x40 returned 0 after 0 usecs
[    1.943622] calling  init_graph_trace+0x0/0x80 @ 1
[    1.943628] initcall init_graph_trace+0x0/0x80 returned 0 after 0 usecs
[    1.943630] calling  trace_events_eprobe_init_early+0x0/0x40 @ 1
[    1.943632] initcall trace_events_eprobe_init_early+0x0/0x40 returned 0 after 0 usecs
[    1.943633] calling  trace_events_synth_init_early+0x0/0x40 @ 1
[    1.943634] initcall trace_events_synth_init_early+0x0/0x40 returned 0 after 0 usecs
[    1.943636] calling  init_kprobe_trace_early+0x0/0x40 @ 1
[    1.943637] initcall init_kprobe_trace_early+0x0/0x40 returned 0 after 0 usecs
[    1.943638] calling  init_fprobe_trace_early+0x0/0x40 @ 1
[    1.943641] initcall init_fprobe_trace_early+0x0/0x40 returned 0 after 0 usecs
[    1.943642] calling  bpf_offload_init+0x0/0x30 @ 1
[    1.943645] initcall bpf_offload_init+0x0/0x30 returned 0 after 0 usecs
[    1.943646] calling  cgroup_bpf_wq_init+0x0/0x50 @ 1
[    1.943655] initcall cgroup_bpf_wq_init+0x0/0x50 returned 0 after 0 usecs
[    1.943656] calling  init_events_core_sysctls+0x0/0x40 @ 1
[    1.943661] initcall init_events_core_sysctls+0x0/0x40 returned 0 after 0 usecs
[    1.943663] calling  init_callchain_sysctls+0x0/0x40 @ 1
[    1.943665] initcall init_callchain_sysctls+0x0/0x40 returned 0 after 0 usecs
[    1.943667] calling  memory_failure_init+0x0/0x110 @ 1
[    1.943673] initcall memory_failure_init+0x0/0x110 returned 0 after 0 usecs
[    1.943674] calling  balloon_init+0x0/0x30 @ 1
[    1.943675] initcall balloon_init+0x0/0x30 returned 0 after 0 usecs
[    1.943677] calling  fsnotify_init+0x0/0xb0 @ 1
[    1.943698] initcall fsnotify_init+0x0/0xb0 returned 0 after 0 usecs
[    1.943700] calling  filelock_init+0x0/0x1b0 @ 1
[    1.943724] initcall filelock_init+0x0/0x1b0 returned 0 after 0 usecs
[    1.943726] calling  init_script_binfmt+0x0/0x30 @ 1
[    1.943729] initcall init_script_binfmt+0x0/0x30 returned 0 after 0 usecs
[    1.943731] calling  init_elf_binfmt+0x0/0x30 @ 1
[    1.943733] initcall init_elf_binfmt+0x0/0x30 returned 0 after 0 usecs
[    1.943735] calling  init_compat_elf_binfmt+0x0/0x30 @ 1
[    1.943737] initcall init_compat_elf_binfmt+0x0/0x30 returned 0 after 0 usecs
[    1.943739] calling  configfs_init+0x0/0x110 @ 1
[    1.943749] initcall configfs_init+0x0/0x110 returned 0 after 0 usecs
[    1.943751] calling  debugfs_init+0x0/0x130 @ 1
[    1.943760] initcall debugfs_init+0x0/0x130 returned 0 after 0 usecs
[    1.943761] calling  tracefs_init+0x0/0xe0 @ 1
[    1.943769] initcall tracefs_init+0x0/0xe0 returned 0 after 0 usecs
[    1.943771] calling  securityfs_init+0x0/0xc0 @ 1
[    1.943793] initcall securityfs_init+0x0/0xc0 returned 0 after 0 usecs
[    1.943795] calling  lockdown_secfs_init+0x0/0x50 @ 1
[    1.943798] initcall lockdown_secfs_init+0x0/0x50 returned 0 after 0 usecs
[    1.943799] calling  pinctrl_init+0x0/0xe0 @ 1
[    1.943801] pinctrl core: initialized pinctrl subsystem
[    1.944577] initcall pinctrl_init+0x0/0xe0 returned 0 after 1000 usecs
[    1.944579] calling  gpiolib_dev_init+0x0/0x1a0 @ 1
[    1.944590] initcall gpiolib_dev_init+0x0/0x1a0 returned 0 after 0 usecs
[    1.944591] calling  virtio_init+0x0/0x30 @ 1
[    1.944597] initcall virtio_init+0x0/0x30 returned 0 after 0 usecs
[    1.944598] calling  regulator_init+0x0/0x110 @ 1
[    1.944652] probe of reg-dummy returned 0 after 0 usecs
[    1.944654] initcall regulator_init+0x0/0x110 returned 0 after 0 usecs
[    1.944656] calling  iommu_init+0x0/0x40 @ 1
[    1.944658] initcall iommu_init+0x0/0x40 returned 0 after 0 usecs
[    1.944660] calling  component_debug_init+0x0/0x30 @ 1
[    1.944666] initcall component_debug_init+0x0/0x30 returned 0 after 0 usecs
[    1.944669] calling  early_resume_init+0x0/0x110 @ 1
[    1.944724] PM: RTC time: 23:38:06, date: 2026-01-27
[    1.945428] initcall early_resume_init+0x0/0x110 returned 0 after 0 usecs
[    1.945430] calling  soc_bus_register+0x0/0x50 @ 1
[    1.945434] initcall soc_bus_register+0x0/0x50 returned 0 after 0 usecs
[    1.945435] calling  opp_debug_init+0x0/0x30 @ 1
[    1.945438] initcall opp_debug_init+0x0/0x30 returned 0 after 0 usecs
[    1.945440] calling  cpufreq_core_init+0x0/0x110 @ 1
[    1.945443] initcall cpufreq_core_init+0x0/0x110 returned 0 after 0 usecs
[    1.945445] calling  cpufreq_gov_performance_init+0x0/0x20 @ 1
[    1.945447] initcall cpufreq_gov_performance_init+0x0/0x20 returned 0 after 0 usecs
[    1.945448] calling  cpufreq_gov_powersave_init+0x0/0x20 @ 1
[    1.945450] initcall cpufreq_gov_powersave_init+0x0/0x20 returned 0 after 0 usecs
[    1.945451] calling  cpufreq_gov_userspace_init+0x0/0x20 @ 1
[    1.945453] initcall cpufreq_gov_userspace_init+0x0/0x20 returned 0 after 0 usecs
[    1.945454] calling  CPU_FREQ_GOV_ONDEMAND_init+0x0/0x20 @ 1
[    1.945456] initcall CPU_FREQ_GOV_ONDEMAND_init+0x0/0x20 returned 0 after 0 usecs
[    1.945458] calling  CPU_FREQ_GOV_CONSERVATIVE_init+0x0/0x20 @ 1
[    1.945459] initcall CPU_FREQ_GOV_CONSERVATIVE_init+0x0/0x20 returned 0 after 0 usecs
[    1.945461] calling  cpuidle_init+0x0/0x30 @ 1
[    1.945465] initcall cpuidle_init+0x0/0x30 returned 0 after 0 usecs
[    1.945466] calling  capsule_reboot_register+0x0/0x20 @ 1
[    1.945470] initcall capsule_reboot_register+0x0/0x20 returned 0 after 0 usecs
[    1.945472] calling  unaccepted_memory_init_kdump+0x0/0x20 @ 1
[    1.945473] initcall unaccepted_memory_init_kdump+0x0/0x20 returned 0 after 0 usecs
[    1.945474] calling  sock_init+0x0/0x120 @ 1
[    1.946123] initcall sock_init+0x0/0x120 returned 0 after 1000 usecs
[    1.946130] calling  net_inuse_init+0x0/0x30 @ 1
[    1.946136] initcall net_inuse_init+0x0/0x30 returned 0 after 0 usecs
[    1.946137] calling  sock_struct_check+0x0/0x20 @ 1
[    1.946139] initcall sock_struct_check+0x0/0x20 returned 0 after 0 usecs
[    1.946140] calling  init_default_flow_dissectors+0x0/0x60 @ 1
[    1.946142] initcall init_default_flow_dissectors+0x0/0x60 returned 0 after 0 usecs
[    1.946145] calling  netlink_proto_init+0x0/0x210 @ 1
[    1.946182] NET: Registered PF_NETLINK/PF_ROUTE protocol family
[    1.946592] initcall netlink_proto_init+0x0/0x210 returned 0 after 1000 usecs
[    1.946594] calling  genl_init+0x0/0x60 @ 1
[    1.946600] initcall genl_init+0x0/0x60 returned 0 after 0 usecs
[    1.946601] calling  bsp_pm_check_init+0x0/0x20 @ 1
[    1.946606] initcall bsp_pm_check_init+0x0/0x20 returned 0 after 0 usecs
[    1.946607] calling  trace_boot_init+0x0/0x100 @ 1
[    1.946610] initcall trace_boot_init+0x0/0x100 returned 0 after 0 usecs
[    1.946611] calling  __gnttab_init+0x0/0x60 @ 1
[    1.946615] initcall __gnttab_init+0x0/0x60 returned -19 after 0 usecs
[    1.946637] entering initcall level: postcore
[    1.946638] calling  init_overflow_sysctl+0x0/0x40 @ 1
[    1.946644] initcall init_overflow_sysctl+0x0/0x40 returned 0 after 0 usecs
[    1.946645] calling  irq_sysfs_init+0x0/0x100 @ 1
[    1.946692] initcall irq_sysfs_init+0x0/0x100 returned 0 after 0 usecs
[    1.946693] calling  dma_atomic_pool_init+0x0/0x160 @ 1
[    1.947707] DMA: preallocated 4096 KiB GFP_KERNEL pool for atomic allocations
[    1.949716] DMA: preallocated 4096 KiB GFP_KERNEL|GFP_DMA pool for atomic allocations
[    1.951055] DMA: preallocated 4096 KiB GFP_KERNEL|GFP_DMA32 pool for atomic allocations
[    1.951579] initcall dma_atomic_pool_init+0x0/0x160 returned 0 after 5000 usecs
[    1.951585] calling  audit_init+0x0/0x200 @ 1
[    1.951593] audit: initializing netlink subsys (disabled)
[    1.952393] initcall audit_init+0x0/0x200 returned 0 after 0 usecs
[    1.952393] calling  bdi_class_init+0x0/0x50 @ 1
[    1.952393] initcall bdi_class_init+0x0/0x50 returned 0 after 0 usecs
[    1.952393] calling  mm_sysfs_init+0x0/0x40 @ 1
[    1.952393] audit: type=2000 audit(1769557087.984:1): state=initialized audit_enabled=0 res=1
[    1.952393] initcall mm_sysfs_init+0x0/0x40 returned 0 after 0 usecs
[    1.952568] calling  init_per_zone_wmark_min+0x0/0x40 @ 1
[    1.952596] initcall init_per_zone_wmark_min+0x0/0x40 returned 0 after 0 usecs
[    1.952598] calling  gpiolib_sysfs_init+0x0/0x40 @ 1
[    1.952607] initcall gpiolib_sysfs_init+0x0/0x40 returned 0 after 0 usecs
[    1.952608] calling  acpi_gpio_setup_params+0x0/0x140 @ 1
[    1.952611] initcall acpi_gpio_setup_params+0x0/0x140 returned 0 after 0 usecs
[    1.952613] calling  pcibus_class_init+0x0/0x20 @ 1
[    1.952616] initcall pcibus_class_init+0x0/0x20 returned 0 after 0 usecs
[    1.952618] calling  pci_driver_init+0x0/0x40 @ 1
[    1.952627] initcall pci_driver_init+0x0/0x40 returned 0 after 0 usecs
[    1.952629] calling  rio_bus_init+0x0/0x50 @ 1
[    1.952635] initcall rio_bus_init+0x0/0x50 returned 0 after 0 usecs
[    1.952637] calling  backlight_class_init+0x0/0x80 @ 1
[    1.952640] initcall backlight_class_init+0x0/0x80 returned 0 after 0 usecs
[    1.952642] calling  xenbus_init+0x0/0x4e0 @ 1
[    1.952646] initcall xenbus_init+0x0/0x4e0 returned -19 after 0 usecs
[    1.952648] calling  tty_class_init+0x0/0x20 @ 1
[    1.952651] initcall tty_class_init+0x0/0x20 returned 0 after 0 usecs
[    1.952653] calling  vtconsole_class_init+0x0/0x100 @ 1
[    1.952669] initcall vtconsole_class_init+0x0/0x100 returned 0 after 0 usecs
[    1.952671] calling  serdev_init+0x0/0x30 @ 1
[    1.952675] initcall serdev_init+0x0/0x30 returned 0 after 0 usecs
[    1.952676] calling  iommu_dev_init+0x0/0x20 @ 1
[    1.952679] initcall iommu_dev_init+0x0/0x20 returned 0 after 0 usecs
[    1.952681] calling  mipi_dsi_bus_init+0x0/0x20 @ 1
[    1.952685] initcall mipi_dsi_bus_init+0x0/0x20 returned 0 after 0 usecs
[    1.952687] calling  devlink_class_init+0x0/0x50 @ 1
[    1.952690] initcall devlink_class_init+0x0/0x50 returned 0 after 0 usecs
[    1.952692] calling  software_node_init+0x0/0x40 @ 1
[    1.952694] initcall software_node_init+0x0/0x40 returned 0 after 0 usecs
[    1.952696] calling  wakeup_sources_debugfs_init+0x0/0x40 @ 1
[    1.952699] initcall wakeup_sources_debugfs_init+0x0/0x40 returned 0 after 0 usecs
[    1.952701] calling  wakeup_sources_sysfs_init+0x0/0x40 @ 1
[    1.952705] initcall wakeup_sources_sysfs_init+0x0/0x40 returned 0 after 0 usecs
[    1.952706] calling  isa_bus_init+0x0/0x50 @ 1
[    1.952714] initcall isa_bus_init+0x0/0x50 returned 0 after 0 usecs
[    1.952716] calling  regmap_initcall+0x0/0x20 @ 1
[    1.952719] initcall regmap_initcall+0x0/0x20 returned 0 after 0 usecs
[    1.952720] calling  sram_init+0x0/0x30 @ 1
[    1.952724] initcall sram_init+0x0/0x30 returned 0 after 0 usecs
[    1.952726] calling  spi_init+0x0/0x100 @ 1
[    1.952732] initcall spi_init+0x0/0x100 returned 0 after 0 usecs
[    1.952734] calling  i2c_init+0x0/0xc0 @ 1
[    1.952744] initcall i2c_init+0x0/0xc0 returned 0 after 0 usecs
[    1.952746] calling  thermal_init+0x0/0x1b0 @ 1
[    1.952763] thermal_sys: Registered thermal governor 'fair_share'
[    1.952764] thermal_sys: Registered thermal governor 'bang_bang'
[    1.953563] thermal_sys: Registered thermal governor 'step_wise'
[    1.953569] thermal_sys: Registered thermal governor 'user_space'
[    1.954393] thermal_sys: Registered thermal governor 'power_allocator'
[    1.954572] initcall thermal_init+0x0/0x1b0 returned 0 after 2000 usecs
[    1.955445] calling  init_ladder+0x0/0x50 @ 1
[    1.955459] cpuidle: using governor ladder
[    1.955569] initcall init_ladder+0x0/0x50 returned 0 after 1000 usecs
[    1.955571] calling  init_menu+0x0/0x20 @ 1
[    1.955576] cpuidle: using governor menu
[    1.956129] initcall init_menu+0x0/0x20 returned 0 after 0 usecs
[    1.956131] calling  teo_governor_init+0x0/0x20 @ 1
[    1.956133] initcall teo_governor_init+0x0/0x20 returned 0 after 0 usecs
[    1.956135] calling  init_haltpoll+0x0/0x40 @ 1
[    1.956136] initcall init_haltpoll+0x0/0x40 returned 0 after 0 usecs
[    1.956138] calling  pcc_init+0x0/0xb0 @ 1
[    1.956141] initcall pcc_init+0x0/0xb0 returned -19 after 0 usecs
[    1.956142] calling  amd_postcore_init+0x0/0x160 @ 1
[    1.956146] initcall amd_postcore_init+0x0/0x160 returned 0 after 0 usecs
[    1.956147] calling  kobject_uevent_init+0x0/0x20 @ 1
[    1.956152] initcall kobject_uevent_init+0x0/0x20 returned 0 after 0 usecs
[    1.956153] calling  init_uevent_helper_sysctl+0x0/0x40 @ 1
[    1.956157] initcall init_uevent_helper_sysctl+0x0/0x40 returned 0 after 0 usecs
[    1.956180] entering initcall level: arch
[    1.956181] calling  report_snp_info+0x0/0x110 @ 1
[    1.956183] initcall report_snp_info+0x0/0x110 returned 0 after 0 usecs
[    1.956184] calling  sev_sysfs_init+0x0/0xb0 @ 1
[    1.956185] initcall sev_sysfs_init+0x0/0xb0 returned -19 after 0 usecs
[    1.956186] calling  pt_init+0x0/0x430 @ 1
[    1.956189] initcall pt_init+0x0/0x430 returned -19 after 0 usecs
[    1.956190] calling  init_x86_sysctl+0x0/0x40 @ 1
[    1.956196] initcall init_x86_sysctl+0x0/0x40 returned 0 after 0 usecs
[    1.956197] calling  boot_params_ksysfs_init+0x0/0x2f0 @ 1
[    1.956208] initcall boot_params_ksysfs_init+0x0/0x2f0 returned 0 after 0 usecs
[    1.956210] calling  sbf_init+0x0/0x100 @ 1
[    1.956211] initcall sbf_init+0x0/0x100 returned 0 after 0 usecs
[    1.956213] calling  arch_kdebugfs_init+0x0/0x30 @ 1
[    1.956216] initcall arch_kdebugfs_init+0x0/0x30 returned 0 after 0 usecs
[    1.956218] calling  xfd_update_static_branch+0x0/0x40 @ 1
[    1.956514] initcall xfd_update_static_branch+0x0/0x40 returned 0 after 0 usecs
[    1.956515] calling  mtrr_if_init+0x0/0x80 @ 1
[    1.956520] initcall mtrr_if_init+0x0/0x80 returned 0 after 0 usecs
[    1.956521] calling  activate_jump_labels+0x0/0x90 @ 1
[    1.956523] initcall activate_jump_labels+0x0/0x90 returned 0 after 0 usecs
[    1.956524] calling  init_s4_sigcheck+0x0/0x40 @ 1
[    1.956526] initcall init_s4_sigcheck+0x0/0x40 returned 0 after 0 usecs
[    1.956528] calling  ffh_cstate_init+0x0/0x60 @ 1
[    1.956533] initcall ffh_cstate_init+0x0/0x60 returned 0 after 0 usecs
[    1.956535] calling  kvm_alloc_cpumask+0x0/0x140 @ 1
[    1.956544] initcall kvm_alloc_cpumask+0x0/0x140 returned 0 after 0 usecs
[    1.956547] calling  activate_jump_labels+0x0/0x60 @ 1
[    1.956654] initcall activate_jump_labels+0x0/0x60 returned 0 after 1000 usecs
[    1.956656] calling  gigantic_pages_init+0x0/0x40 @ 1
[    1.956661] initcall gigantic_pages_init+0x0/0x40 returned 0 after 0 usecs
[    1.956662] calling  uv_rtc_setup_clock+0x0/0x4a0 @ 1
[    1.956666] initcall uv_rtc_setup_clock+0x0/0x4a0 returned -19 after 0 usecs
[    1.956668] calling  kcmp_cookies_init+0x0/0xa0 @ 1
[    1.956671] initcall kcmp_cookies_init+0x0/0xa0 returned 0 after 0 usecs
[    1.956673] calling  acpi_pci_init+0x0/0x70 @ 1
[    1.956675] acpiphp: ACPI Hot Plug PCI Controller Driver version: 0.5
[    1.957543] initcall acpi_pci_init+0x0/0x70 returned 0 after 0 usecs
[    1.957545] calling  dma_channel_table_init+0x0/0x1b0 @ 1
[    1.957576] initcall dma_channel_table_init+0x0/0x1b0 returned 0 after 1000 usecs
[    1.957578] calling  dma_bus_init+0x0/0x1c0 @ 1
[    1.957623] initcall dma_bus_init+0x0/0x1c0 returned 0 after 0 usecs
[    1.957625] calling  register_xen_pci_notifier+0x0/0x50 @ 1
[    1.957627] initcall register_xen_pci_notifier+0x0/0x50 returned 0 after 0 usecs
[    1.957629] calling  xen_pcpu_init+0x0/0x100 @ 1
[    1.957630] initcall xen_pcpu_init+0x0/0x100 returned -19 after 0 usecs
[    1.957632] calling  serial_base_init+0x0/0x70 @ 1
[    1.957643] initcall serial_base_init+0x0/0x70 returned 0 after 0 usecs
[    1.957645] calling  iommu_dma_init+0x0/0x30 @ 1
[    1.957656] initcall iommu_dma_init+0x0/0x30 returned 0 after 0 usecs
[    1.957658] calling  dmi_id_init+0x0/0x6c0 @ 1
[    1.957680] initcall dmi_id_init+0x0/0x6c0 returned 0 after 0 usecs
[    1.957681] calling  numachip_timer_init+0x0/0x70 @ 1
[    1.957683] initcall numachip_timer_init+0x0/0x70 returned -19 after 0 usecs
[    1.957684] calling  ts_dmi_init+0x0/0x110 @ 1
[    1.957689] initcall ts_dmi_init+0x0/0x110 returned 0 after 0 usecs
[    1.957690] calling  pci_arch_init+0x0/0xa0 @ 1
[    1.957744] PCI: ECAM [mem 0xe0000000-0xefffffff] (base 0xe0000000) for domain 0000 [bus 00-ff]
[    1.958577] PCI: Using configuration type 1 for base access
[    1.959365] initcall pci_arch_init+0x0/0xa0 returned 0 after 1000 usecs
[    1.959381] entering initcall level: subsys
[    1.959382] calling  init_vdso_image_64+0x0/0x20 @ 1
[    1.959392] initcall init_vdso_image_64+0x0/0x20 returned 0 after 0 usecs
[    1.959393] calling  init_vdso_image_32+0x0/0x20 @ 1
[    1.959401] initcall init_vdso_image_32+0x0/0x20 returned 0 after 0 usecs
[    1.959402] calling  fixup_ht_bug+0x0/0x160 @ 1
[    1.959404] initcall fixup_ht_bug+0x0/0x160 returned 0 after 0 usecs
[    1.959405] calling  mtrr_init_finalize+0x0/0x40 @ 1
[    1.959408] initcall mtrr_init_finalize+0x0/0x40 returned 0 after 0 usecs
[    1.959410] calling  init_fork_sysctl+0x0/0x40 @ 1
[    1.959412] initcall init_fork_sysctl+0x0/0x40 returned 0 after 0 usecs
[    1.959413] calling  uid_cache_init+0x0/0x120 @ 1
[    1.959419] initcall uid_cache_init+0x0/0x120 returned 0 after 0 usecs
[    1.959426] calling  pid_namespace_sysctl_init+0x0/0x30 @ 1
[    1.959431] initcall pid_namespace_sysctl_init+0x0/0x30 returned 0 after 0 usecs
[    1.959432] calling  param_sysfs_init+0x0/0x70 @ 1
[    1.959435] initcall param_sysfs_init+0x0/0x70 returned 0 after 0 usecs
[    1.959436] calling  user_namespace_sysctl_init+0x0/0x100 @ 1
[    1.959443] initcall user_namespace_sysctl_init+0x0/0x100 returned 0 after 0 usecs
[    1.959445] calling  proc_schedstat_init+0x0/0x40 @ 1
[    1.959449] initcall proc_schedstat_init+0x0/0x40 returned 0 after 0 usecs
[    1.959450] calling  init_rtmutex_sysctl+0x0/0x40 @ 1
[    1.959453] initcall init_rtmutex_sysctl+0x0/0x40 returned 0 after 0 usecs
[    1.959455] calling  pm_sysrq_init+0x0/0x30 @ 1
[    1.959464] initcall pm_sysrq_init+0x0/0x30 returned 0 after 0 usecs
[    1.959464] calling  init_rcu_stall_sysctl+0x0/0x40 @ 1
[    1.959464] initcall init_rcu_stall_sysctl+0x0/0x40 returned 0 after 0 usecs
[    1.959464] calling  init_module_sysctl+0x0/0x40 @ 1
[    1.959464] initcall init_module_sysctl+0x0/0x40 returned 0 after 0 usecs
[    1.959464] calling  create_proc_profile+0x0/0x70 @ 1
[    1.959464] initcall create_proc_profile+0x0/0x70 returned 0 after 0 usecs
[    1.959464] calling  crash_save_vmcoreinfo_init+0x0/0x720 @ 1
[    1.959464] initcall crash_save_vmcoreinfo_init+0x0/0x720 returned 0 after 0 usecs
[    1.959573] calling  crash_notes_memory_init+0x0/0x60 @ 1
[    1.959578] initcall crash_notes_memory_init+0x0/0x60 returned 0 after 0 usecs
[    1.959580] calling  crash_hotplug_init+0x0/0x50 @ 1
[    1.959582] initcall crash_hotplug_init+0x0/0x50 returned 64 after 0 usecs
[    1.959584] calling  cgroup_sysfs_init+0x0/0x30 @ 1
[    1.959588] initcall cgroup_sysfs_init+0x0/0x30 returned 0 after 0 usecs
[    1.959590] calling  user_namespaces_init+0x0/0xb0 @ 1
[    1.959598] initcall user_namespaces_init+0x0/0xb0 returned 0 after 0 usecs
[    1.959599] calling  init_optprobes+0x0/0x50 @ 1
[    1.959601] kprobes: kprobe jump-optimization is enabled. All kprobes are optimized if possible.
[    1.960570] initcall init_optprobes+0x0/0x50 returned 0 after 1000 usecs
[    1.960572] calling  hung_task_init+0x0/0x90 @ 1
[    1.960722] initcall hung_task_init+0x0/0x90 returned 0 after 0 usecs
[    1.960722] calling  ftrace_check_for_weak_functions+0x0/0x80 @ 1
[    1.960730] initcall ftrace_check_for_weak_functions+0x0/0x80 returned 0 after 0 usecs
[    1.960730] calling  init_trace_sysctls+0x0/0x40 @ 1
[    1.960730] initcall init_trace_sysctls+0x0/0x40 returned 0 after 0 usecs
[    1.960730] calling  trace_eval_init+0x0/0xc0 @ 1
[    1.960730] initcall trace_eval_init+0x0/0xc0 returned 0 after 0 usecs
[    1.960730] calling  init_trace_stack_sysctls+0x0/0x40 @ 1
[    1.960730] initcall init_trace_stack_sysctls+0x0/0x40 returned 0 after 0 usecs
[    1.960730] calling  send_signal_irq_work_init+0x0/0xb0 @ 1
[    1.960730] initcall send_signal_irq_work_init+0x0/0xb0 returned 0 after 0 usecs
[    1.960730] calling  dev_map_init+0x0/0x20 @ 1
[    1.960730] initcall dev_map_init+0x0/0x20 returned 0 after 0 usecs
[    1.960730] calling  netns_bpf_init+0x0/0x20 @ 1
[    1.960730] initcall netns_bpf_init+0x0/0x20 returned 0 after 0 usecs
[    1.960730] calling  btf_vmlinux_init+0x0/0x90 @ 1
[    1.960730] initcall btf_vmlinux_init+0x0/0x90 returned 0 after 0 usecs
[    1.960730] calling  oom_init+0x0/0x70 @ 1
[    1.960730] initcall oom_init+0x0/0x70 returned 0 after 0 usecs
[    1.960730] calling  init_user_buckets+0x0/0x40 @ 1
[    1.960730] initcall init_user_buckets+0x0/0x40 returned 0 after 0 usecs
[    1.960730] calling  init_vm_util_sysctls+0x0/0x40 @ 1
[    1.960730] initcall init_vm_util_sysctls+0x0/0x40 returned 0 after 0 usecs
[    1.960730] calling  default_bdi_init+0x0/0x40 @ 1
[    1.961570] initcall default_bdi_init+0x0/0x40 returned 0 after 1000 usecs
[    1.961573] calling  cgwb_init+0x0/0x40 @ 1
[    1.961582] initcall cgwb_init+0x0/0x40 returned 0 after 0 usecs
[    1.961584] calling  percpu_enable_async+0x0/0x20 @ 1
[    1.961586] initcall percpu_enable_async+0x0/0x20 returned 0 after 0 usecs
[    1.961587] calling  kcompactd_init+0x0/0x80 @ 1
[    1.961592] initcall kcompactd_init+0x0/0x80 returned 0 after 0 usecs
[    1.961592] calling  init_mm_sysctl+0x0/0x40 @ 1
[    1.961592] initcall init_mm_sysctl+0x0/0x40 returned 0 after 0 usecs
[    1.961592] calling  init_user_reserve+0x0/0x40 @ 1
[    1.961592] initcall init_user_reserve+0x0/0x40 returned 0 after 0 usecs
[    1.961592] calling  init_admin_reserve+0x0/0x40 @ 1
[    1.961592] initcall init_admin_reserve+0x0/0x40 returned 0 after 0 usecs
[    1.961592] calling  init_reserve_notifier+0x0/0x40 @ 1
[    1.961592] initcall init_reserve_notifier+0x0/0x40 returned 0 after 0 usecs
[    1.961592] calling  swap_init+0x0/0x90 @ 1
[    1.961592] initcall swap_init+0x0/0x90 returned 0 after 0 usecs
[    1.961593] calling  swapfile_init+0x0/0xf0 @ 1
[    1.961595] initcall swapfile_init+0x0/0xf0 returned 0 after 0 usecs
[    1.961597] calling  hugetlb_init+0x0/0x9a0 @ 1
[    1.961804] HugeTLB: registered 1.00 GiB page size, pre-allocated 0 pages
[    1.962570] HugeTLB: 16380 KiB vmemmap can be freed for a 1.00 GiB page
[    1.963503] HugeTLB: registered 2.00 MiB page size, pre-allocated 0 pages
[    1.963569] HugeTLB: 28 KiB vmemmap can be freed for a 2.00 MiB page
[    1.964494] initcall hugetlb_init+0x0/0x9a0 returned 0 after 2000 usecs
[    1.964497] calling  ksm_init+0x0/0x150 @ 1
[    1.964586] initcall ksm_init+0x0/0x150 returned 0 after 1000 usecs
[    1.964586] calling  memory_tier_init+0x0/0x140 @ 1
[    1.964593] initcall memory_tier_init+0x0/0x140 returned 0 after 0 usecs
[    1.964595] calling  numa_init_sysfs+0x0/0x90 @ 1
[    1.964599] initcall numa_init_sysfs+0x0/0x90 returned 0 after 0 usecs
[    1.964601] calling  hugepage_init+0x0/0x4f0 @ 1
[    1.964651] initcall hugepage_init+0x0/0x4f0 returned 0 after 0 usecs
[    1.964651] calling  mem_cgroup_swap_init+0x0/0x60 @ 1
[    1.964651] initcall mem_cgroup_swap_init+0x0/0x60 returned 0 after 0 usecs
[    1.964651] calling  page_idle_init+0x0/0x50 @ 1
[    1.964651] initcall page_idle_init+0x0/0x50 returned 0 after 0 usecs
[    1.964651] calling  init_msg_buckets+0x0/0x50 @ 1
[    1.964668] initcall init_msg_buckets+0x0/0x50 returned 0 after 0 usecs
[    1.964670] calling  sel_ib_pkey_init+0x0/0xa0 @ 1
[    1.964673] initcall sel_ib_pkey_init+0x0/0xa0 returned 0 after 0 usecs
[    1.964675] calling  init_bio+0x0/0xf0 @ 1
[    1.964708] initcall init_bio+0x0/0xf0 returned 0 after 0 usecs
[    1.964710] calling  blk_ioc_init+0x0/0x90 @ 1
[    1.964714] initcall blk_ioc_init+0x0/0x90 returned 0 after 0 usecs
[    1.964716] calling  blk_mq_init+0x0/0x1a0 @ 1
[    1.964722] initcall blk_mq_init+0x0/0x1a0 returned 0 after 0 usecs
[    1.964724] calling  genhd_device_init+0x0/0x60 @ 1
[    1.964739] initcall genhd_device_init+0x0/0x60 returned 0 after 0 usecs
[    1.964739] calling  blkcg_punt_bio_init+0x0/0x40 @ 1
[    1.964739] initcall blkcg_punt_bio_init+0x0/0x40 returned 0 after 0 usecs
[    1.964739] calling  blk_integrity_auto_init+0x0/0xf0 @ 1
[    1.965578] initcall blk_integrity_auto_init+0x0/0xf0 returned 0 after 1000 usecs
[    1.965580] calling  bio_crypt_ctx_init+0x0/0x1a0 @ 1
[    1.965586] initcall bio_crypt_ctx_init+0x0/0x1a0 returned 0 after 0 usecs
[    1.965587] calling  blk_crypto_sysfs_init+0x0/0xa0 @ 1
[    1.965588] initcall blk_crypto_sysfs_init+0x0/0xa0 returned 0 after 0 usecs
[    1.965589] calling  io_wq_init+0x0/0x50 @ 1
[    1.965590] initcall io_wq_init+0x0/0x50 returned 0 after 0 usecs
[    1.965591] calling  crc_t10dif_mod_init+0x0/0xe0 @ 1
[    1.966119] initcall crc_t10dif_mod_init+0x0/0xe0 returned 0 after 0 usecs
[    1.966120] calling  crc32_mod_init+0x0/0x110 @ 1
[    1.966384] initcall crc32_mod_init+0x0/0x110 returned 0 after 0 usecs
[    1.966386] calling  crc64_mod_init+0x0/0x120 @ 1
[    1.966656] initcall crc64_mod_init+0x0/0x120 returned 0 after 1000 usecs
[    1.966657] calling  blake2s_mod_init+0x0/0x90 @ 1
[    1.966761] initcall blake2s_mod_init+0x0/0x90 returned 0 after 0 usecs
[    1.966762] calling  sha1_mod_init+0x0/0x100 @ 1
[    1.967184] initcall sha1_mod_init+0x0/0x100 returned 0 after 0 usecs
[    1.967185] calling  sha256_mod_init+0x0/0x100 @ 1
[    1.967654] initcall sha256_mod_init+0x0/0x100 returned 0 after 1000 usecs
[    1.967655] calling  sha512_mod_init+0x0/0xd0 @ 1
[    1.968077] initcall sha512_mod_init+0x0/0xd0 returned 0 after 0 usecs
[    1.968079] calling  sg_pool_init+0x0/0x130 @ 1
[    1.968098] initcall sg_pool_init+0x0/0x130 returned 0 after 0 usecs
[    1.968099] calling  irq_poll_setup+0x0/0xd0 @ 1
[    1.968102] initcall irq_poll_setup+0x0/0xd0 returned 0 after 0 usecs
[    1.968104] calling  sx150x_init+0x0/0x30 @ 1
[    1.968110] initcall sx150x_init+0x0/0x30 returned 0 after 0 usecs
[    1.968112] calling  byt_gpio_init+0x0/0x30 @ 1
[    1.968115] initcall byt_gpio_init+0x0/0x30 returned 0 after 0 usecs
[    1.968116] calling  chv_pinctrl_init+0x0/0x30 @ 1
[    1.968120] initcall chv_pinctrl_init+0x0/0x30 returned 0 after 0 usecs
[    1.968122] calling  gpiolib_debugfs_init+0x0/0x40 @ 1
[    1.968125] initcall gpiolib_debugfs_init+0x0/0x40 returned 0 after 0 usecs
[    1.968126] calling  swnode_gpio_init+0x0/0x50 @ 1
[    1.968130] initcall swnode_gpio_init+0x0/0x50 returned 0 after 0 usecs
[    1.968132] calling  palmas_gpio_init+0x0/0x30 @ 1
[    1.968135] initcall palmas_gpio_init+0x0/0x30 returned 0 after 0 usecs
[    1.968136] calling  rc5t583_gpio_init+0x0/0x30 @ 1
[    1.968140] initcall rc5t583_gpio_init+0x0/0x30 returned 0 after 0 usecs
[    1.968142] calling  tps6586x_gpio_init+0x0/0x30 @ 1
[    1.968145] initcall tps6586x_gpio_init+0x0/0x30 returned 0 after 0 usecs
[    1.968146] calling  tps65910_gpio_init+0x0/0x30 @ 1
[    1.968149] initcall tps65910_gpio_init+0x0/0x30 returned 0 after 0 usecs
[    1.968151] calling  pwm_init+0x0/0xe0 @ 1
[    1.968154] initcall pwm_init+0x0/0xe0 returned 0 after 0 usecs
[    1.968156] calling  leds_init+0x0/0x60 @ 1
[    1.968164] initcall leds_init+0x0/0x60 returned 0 after 0 usecs
[    1.968165] calling  pci_slot_init+0x0/0x60 @ 1
[    1.968170] initcall pci_slot_init+0x0/0x60 returned 0 after 0 usecs
[    1.968171] calling  fbmem_init+0x0/0x90 @ 1
[    1.968186] fbcon: Taking over console
[    1.968572] initcall fbmem_init+0x0/0x90 returned 0 after 1000 usecs
[    1.968574] calling  scan_for_dmi_ipmi+0x0/0x330 @ 1
[    1.968576] initcall scan_for_dmi_ipmi+0x0/0x330 returned 0 after 0 usecs
[    1.968578] calling  acpi_init+0x0/0x5b0 @ 1
[    1.968608] ACPI: Added _OSI(Module Device)
[    1.969203] ACPI: Added _OSI(Processor Device)
[    1.969569] ACPI: Added _OSI(Processor Aggregator Device)
[    1.971232] ACPI: 1 ACPI AML tables successfully acquired and loaded
[    1.990616] ACPI: Interpreter enabled
[    1.991106] ACPI: PM: (supports S0 S3 S4 S5)
[    1.991570] ACPI: Using IOAPIC for interrupt routing
[    1.992329] PCI: Using host bridge windows from ACPI; if necessary, use "pci=nocrs" and report a bug
[    1.992569] PCI: Ignoring E820 reservations for host bridge windows
[    1.993462] ACPI: Enabled 2 GPEs in block 00 to 3F
[    1.995818] ACPI: PCI Root Bridge [PCI0] (domain 0000 [bus 00-ff])
[    1.996573] acpi PNP0A08:00: _OSC: OS supports [ExtendedConfig ASPM ClockPM Segments MSI EDR HPX-Type3]
[    1.997608] acpi PNP0A08:00: _OSC: platform does not support [PCIeHotplug LTR DPC]
[    1.998609] acpi PNP0A08:00: _OSC: OS now controls [SHPCHotplug PME AER PCIeCapability]
[    1.999715] PCI host bridge to bus 0000:00
[    2.000319] pci_bus 0000:00: root bus resource [io  0x0000-0x0cf7 window]
[    2.000569] pci_bus 0000:00: root bus resource [io  0x0d00-0xffff window]
[    2.001471] pci_bus 0000:00: root bus resource [mem 0x000a0000-0x000bffff window]
[    2.001569] pci_bus 0000:00: root bus resource [mem 0x80000000-0xdfffffff window]
[    2.002569] pci_bus 0000:00: root bus resource [mem 0xf0000000-0xfebfffff window]
[    2.003569] pci_bus 0000:00: root bus resource [mem 0x380000000000-0x3807ffffffff window]
[    2.004570] pci_bus 0000:00: root bus resource [bus 00-ff]
[    2.005342] pci 0000:00:00.0: calling  quirk_mmio_always_on+0x0/0x20 @ 1
[    2.005569] pci 0000:00:00.0: quirk_mmio_always_on+0x0/0x20 took 0 usecs
[    2.006487] pci 0000:00:00.0: [8086:29c0] type 00 class 0x060000 conventional PCI endpoint
[    2.006874] pci 0000:00:00.0: calling  quirk_igfx_skip_te_disable+0x0/0xe0 @ 1
[    2.007569] pci 0000:00:00.0: quirk_igfx_skip_te_disable+0x0/0xe0 took 0 usecs
[    2.009652] pci 0000:00:01.0: [1af4:1000] type 00 class 0x020000 conventional PCI endpoint
[    2.011577] pci 0000:00:01.0: BAR 0 [io  0x60e0-0x60ff]
[    2.012407] pci 0000:00:01.0: BAR 1 [mem 0x80083000-0x80083fff]
[    2.012593] pci 0000:00:01.0: BAR 4 [mem 0x380000000000-0x380000003fff 64bit pref]
[    2.013575] pci 0000:00:01.0: ROM [mem 0xfff80000-0xffffffff pref]
[    2.014973] pci 0000:00:02.0: [1af4:1001] type 00 class 0x010000 conventional PCI endpoint
[    2.016579] pci 0000:00:02.0: BAR 0 [io  0x6000-0x607f]
[    2.017482] pci 0000:00:02.0: BAR 1 [mem 0x80082000-0x80082fff]
[    2.017591] pci 0000:00:02.0: BAR 4 [mem 0x380000004000-0x380000007fff 64bit pref]
[    2.019191] pci 0000:00:03.0: [1af4:1053] type 00 class 0x078000 conventional PCI endpoint
[    2.020165] pci 0000:00:03.0: BAR 1 [mem 0x80081000-0x80081fff]
[    2.020593] pci 0000:00:03.0: BAR 4 [mem 0x380000008000-0x38000000bfff 64bit pref]
[    2.029012] pci 0000:00:1f.0: [8086:2918] type 00 class 0x060100 conventional PCI endpoint
[    2.029874] pci 0000:00:1f.0: calling  quirk_ich7_lpc+0x0/0x80 @ 1
[    2.030581] pci 0000:00:1f.0: quirk: [io  0x0600-0x067f] claimed by ICH6 ACPI/GPIO/TCO
[    2.031597] pci 0000:00:1f.0: quirk_ich7_lpc+0x0/0x80 took 976 usecs
[    2.032431] pci 0000:00:1f.0: calling  quirk_igfx_skip_te_disable+0x0/0xe0 @ 1
[    2.032569] pci 0000:00:1f.0: quirk_igfx_skip_te_disable+0x0/0xe0 took 0 usecs
[    2.033715] pci 0000:00:1f.2: [8086:2922] type 00 class 0x010601 conventional PCI endpoint
[    2.035152] pci 0000:00:1f.2: BAR 4 [io  0x60c0-0x60df]
[    2.035577] pci 0000:00:1f.2: BAR 5 [mem 0x80080000-0x80080fff]
[    2.036374] pci 0000:00:1f.2: calling  quirk_igfx_skip_te_disable+0x0/0xe0 @ 1
[    2.036569] pci 0000:00:1f.2: quirk_igfx_skip_te_disable+0x0/0xe0 took 0 usecs
[    2.037849] pci 0000:00:1f.3: [8086:2930] type 00 class 0x0c0500 conventional PCI endpoint
[    2.038812] pci 0000:00:1f.3: BAR 4 [io  0x6080-0x60bf]
[    2.039535] pci 0000:00:1f.3: calling  quirk_igfx_skip_te_disable+0x0/0xe0 @ 1
[    2.039569] pci 0000:00:1f.3: quirk_igfx_skip_te_disable+0x0/0xe0 took 0 usecs
[    2.040803] ACPI: PCI: Interrupt link LNKA configured for IRQ 10
[    2.041622] ACPI: PCI: Interrupt link LNKB configured for IRQ 10
[    2.042518] ACPI: PCI: Interrupt link LNKC configured for IRQ 11
[    2.042629] ACPI: PCI: Interrupt link LNKD configured for IRQ 11
[    2.043617] ACPI: PCI: Interrupt link LNKE configured for IRQ 10
[    2.044533] ACPI: PCI: Interrupt link LNKF configured for IRQ 10
[    2.044623] ACPI: PCI: Interrupt link LNKG configured for IRQ 11
[    2.045472] ACPI: PCI: Interrupt link LNKH configured for IRQ 11
[    2.045589] ACPI: PCI: Interrupt link GSIA configured for IRQ 16
[    2.046423] ACPI: PCI: Interrupt link GSIB configured for IRQ 17
[    2.046574] ACPI: PCI: Interrupt link GSIC configured for IRQ 18
[    2.047410] ACPI: PCI: Interrupt link GSID configured for IRQ 19
[    2.047574] ACPI: PCI: Interrupt link GSIE configured for IRQ 20
[    2.048358] ACPI: PCI: Interrupt link GSIF configured for IRQ 21
[    2.048575] ACPI: PCI: Interrupt link GSIG configured for IRQ 22
[    2.049445] ACPI: PCI: Interrupt link GSIH configured for IRQ 23
[    2.050467] initcall acpi_init+0x0/0x5b0 returned 0 after 81000 usecs
[    2.050471] calling  adxl_init+0x0/0x1a0 @ 1
[    2.050474] initcall adxl_init+0x0/0x1a0 returned -19 after 0 usecs
[    2.050476] calling  hmat_init+0x0/0x430 @ 1
[    2.050478] initcall hmat_init+0x0/0x430 returned 0 after 0 usecs
[    2.050480] calling  acpi_hed_driver_init+0x0/0x30 @ 1
[    2.050486] initcall acpi_hed_driver_init+0x0/0x30 returned 0 after 0 usecs
[    2.050487] calling  pnp_init+0x0/0x20 @ 1
[    2.050493] initcall pnp_init+0x0/0x20 returned 0 after 0 usecs
[    2.050494] calling  balloon_init+0x0/0x320 @ 1
[    2.050496] initcall balloon_init+0x0/0x320 returned -19 after 0 usecs
[    2.050498] calling  xen_setup_shutdown_event+0x0/0x50 @ 1
[    2.050501] initcall xen_setup_shutdown_event+0x0/0x50 returned -19 after 0 usecs
[    2.050504] calling  xenbus_probe_backend_init+0x0/0xb0 @ 1
[    2.050509] initcall xenbus_probe_backend_init+0x0/0xb0 returned 0 after 0 usecs
[    2.050511] calling  xenbus_probe_frontend_init+0x0/0x60 @ 1
[    2.050515] initcall xenbus_probe_frontend_init+0x0/0x60 returned 0 after 0 usecs
[    2.050517] calling  xen_acpi_pad_init+0x0/0x70 @ 1
[    2.050518] initcall xen_acpi_pad_init+0x0/0x70 returned -19 after 0 usecs
[    2.050520] calling  init_sysrq_sysctl+0x0/0x40 @ 1
[    2.050525] initcall init_sysrq_sysctl+0x0/0x40 returned 0 after 0 usecs
[    2.050526] calling  misc_init+0x0/0xc0 @ 1
[    2.050531] initcall misc_init+0x0/0xc0 returned 0 after 0 usecs
[    2.050532] calling  tpm_init+0x0/0x100 @ 1
[    2.050629] initcall tpm_init+0x0/0x100 returned 0 after 1000 usecs
[    2.050629] calling  iommu_subsys_init+0x0/0x240 @ 1
[    2.050629] iommu: Default domain type: Translated
[    2.051310] iommu: DMA domain TLB invalidation policy: lazy mode
[    2.051569] initcall iommu_subsys_init+0x0/0x240 returned 0 after 1000 usecs
[    2.051572] calling  cn_init+0x0/0x100 @ 1
[    2.051580] initcall cn_init+0x0/0x100 returned 0 after 0 usecs
[    2.051581] calling  register_cpu_capacity_sysctl+0x0/0x50 @ 1
[    2.055632] initcall register_cpu_capacity_sysctl+0x0/0x50 returned 0 after 4000 usecs
[    2.055632] calling  pm860x_i2c_init+0x0/0x50 @ 1
[    2.055632] initcall pm860x_i2c_init+0x0/0x50 returned 0 after 0 usecs
[    2.055632] calling  wm8400_driver_init+0x0/0x50 @ 1
[    2.055632] initcall wm8400_driver_init+0x0/0x50 returned 0 after 0 usecs
[    2.055632] calling  wm831x_i2c_init+0x0/0x50 @ 1
[    2.055632] initcall wm831x_i2c_init+0x0/0x50 returned 0 after 0 usecs
[    2.055632] calling  wm831x_spi_init+0x0/0x50 @ 1
[    2.055632] initcall wm831x_spi_init+0x0/0x50 returned 0 after 0 usecs
[    2.055632] calling  wm8350_i2c_init+0x0/0x30 @ 1
[    2.055632] initcall wm8350_i2c_init+0x0/0x30 returned 0 after 0 usecs
[    2.055632] calling  tps65910_i2c_init+0x0/0x30 @ 1
[    2.055632] initcall tps65910_i2c_init+0x0/0x30 returned 0 after 0 usecs
[    2.055632] calling  ezx_pcap_init+0x0/0x30 @ 1
[    2.055632] initcall ezx_pcap_init+0x0/0x30 returned 0 after 0 usecs
[    2.055632] calling  da903x_init+0x0/0x30 @ 1
[    2.055632] initcall da903x_init+0x0/0x30 returned 0 after 0 usecs
[    2.055632] calling  da9052_spi_init+0x0/0x50 @ 1
[    2.055632] initcall da9052_spi_init+0x0/0x50 returned 0 after 0 usecs
[    2.055632] calling  da9052_i2c_init+0x0/0x50 @ 1
[    2.055632] initcall da9052_i2c_init+0x0/0x50 returned 0 after 0 usecs
[    2.055632] calling  lp8788_init+0x0/0x30 @ 1
[    2.055632] initcall lp8788_init+0x0/0x30 returned 0 after 0 usecs
[    2.055632] calling  da9055_i2c_init+0x0/0x50 @ 1
[    2.055632] initcall da9055_i2c_init+0x0/0x50 returned 0 after 0 usecs
[    2.055632] calling  max77843_i2c_init+0x0/0x30 @ 1
[    2.055632] initcall max77843_i2c_init+0x0/0x30 returned 0 after 0 usecs
[    2.055632] calling  max8925_i2c_init+0x0/0x50 @ 1
[    2.055632] initcall max8925_i2c_init+0x0/0x50 returned 0 after 0 usecs
[    2.055632] calling  max8997_i2c_init+0x0/0x30 @ 1
[    2.055633] initcall max8997_i2c_init+0x0/0x30 returned 0 after 0 usecs
[    2.055635] calling  max8998_i2c_init+0x0/0x30 @ 1
[    2.055637] initcall max8998_i2c_init+0x0/0x30 returned 0 after 0 usecs
[    2.055638] calling  tps6586x_init+0x0/0x30 @ 1
[    2.055641] initcall tps6586x_init+0x0/0x30 returned 0 after 0 usecs
[    2.055643] calling  tps65090_init+0x0/0x30 @ 1
[    2.055645] initcall tps65090_init+0x0/0x30 returned 0 after 0 usecs
[    2.055646] calling  aat2870_init+0x0/0x30 @ 1
[    2.055649] initcall aat2870_init+0x0/0x30 returned 0 after 0 usecs
[    2.055650] calling  palmas_i2c_init+0x0/0x30 @ 1
[    2.055653] initcall palmas_i2c_init+0x0/0x30 returned 0 after 0 usecs
[    2.055655] calling  rc5t583_i2c_init+0x0/0x30 @ 1
[    2.055657] initcall rc5t583_i2c_init+0x0/0x30 returned 0 after 0 usecs
[    2.055659] calling  as3711_i2c_init+0x0/0x30 @ 1
[    2.055662] initcall as3711_i2c_init+0x0/0x30 returned 0 after 0 usecs
[    2.056569] calling  libnvdimm_init+0x0/0x60 @ 1
[    2.056586] initcall libnvdimm_init+0x0/0x60 returned 0 after 0 usecs
[    2.056588] calling  dax_core_init+0x0/0x140 @ 1
[    2.056617] initcall dax_core_init+0x0/0x140 returned 0 after 0 usecs
[    2.056618] calling  dma_buf_init+0x0/0xc0 @ 1
[    2.056633] initcall dma_buf_init+0x0/0xc0 returned 0 after 0 usecs
[    2.056635] calling  dma_heap_init+0x0/0x90 @ 1
[    2.056641] initcall dma_heap_init+0x0/0x90 returned 0 after 0 usecs
[    2.056642] calling  init_scsi+0x0/0xa0 @ 1
[    2.056667] SCSI subsystem initialized
[    2.057200] initcall init_scsi+0x0/0xa0 returned 0 after 0 usecs
[    2.057202] calling  ata_init+0x0/0x460 @ 1
[    2.057214] libata version 3.00 loaded.
[    2.057214] initcall ata_init+0x0/0x460 returned 0 after 0 usecs
[    2.057214] calling  mdio_bus_init+0x0/0x50 @ 1
[    2.057214] initcall mdio_bus_init+0x0/0x50 returned 0 after 0 usecs
[    2.057214] calling  phy_init+0x0/0x260 @ 1
[    2.057214] initcall phy_init+0x0/0x260 returned 0 after 0 usecs
[    2.057214] calling  usb_common_init+0x0/0x30 @ 1
[    2.057214] initcall usb_common_init+0x0/0x30 returned 0 after 0 usecs
[    2.057214] calling  usb_init+0x0/0x1a0 @ 1
[    2.057214] ACPI: bus type USB registered
[    2.057578] usbcore: registered new interface driver usbfs
[    2.058368] usbcore: registered new interface driver hub
[    2.058579] usbcore: registered new device driver usb
[    2.059260] initcall usb_init+0x0/0x1a0 returned 0 after 2000 usecs
[    2.059262] calling  xdbc_init+0x0/0x1f0 @ 1
[    2.059265] initcall xdbc_init+0x0/0x1f0 returned 0 after 0 usecs
[    2.059267] calling  usb_roles_init+0x0/0x20 @ 1
[    2.059270] initcall usb_roles_init+0x0/0x20 returned 0 after 0 usecs
[    2.059272] calling  serio_init+0x0/0x50 @ 1
[    2.059276] initcall serio_init+0x0/0x50 returned 0 after 0 usecs
[    2.059278] calling  input_init+0x0/0x170 @ 1
[    2.059282] initcall input_init+0x0/0x170 returned 0 after 0 usecs
[    2.059284] calling  rtc_init+0x0/0x30 @ 1
[    2.059287] initcall rtc_init+0x0/0x30 returned 0 after 0 usecs
[    2.059289] calling  dw_i2c_init_driver+0x0/0x30 @ 1
[    2.059294] initcall dw_i2c_init_driver+0x0/0x30 returned 0 after 0 usecs
[    2.059295] calling  pps_init+0x0/0xe0 @ 1
[    2.059297] pps_core: LinuxPPS API ver. 1 registered
[    2.059569] pps_core: Software ver. 5.3.6 - Copyright 2005-2007 Rodolfo Giometti <giometti@linux.it>
[    2.060569] initcall pps_init+0x0/0xe0 returned 0 after 2000 usecs
[    2.060571] calling  ptp_init+0x0/0xb0 @ 1
[    2.060573] PTP clock support registered
[    2.061153] initcall ptp_init+0x0/0xb0 returned 0 after 0 usecs
[    2.061154] calling  power_supply_class_init+0x0/0x30 @ 1
[    2.061158] initcall power_supply_class_init+0x0/0x30 returned 0 after 0 usecs
[    2.061159] calling  hwmon_init+0x0/0x110 @ 1
[    2.061162] initcall hwmon_init+0x0/0x110 returned 0 after 0 usecs
[    2.061163] calling  intel_tcc_init+0x0/0x40 @ 1
[    2.061165] initcall intel_tcc_init+0x0/0x40 returned 0 after 0 usecs
[    2.061166] calling  md_init+0x0/0x170 @ 1
[    2.061611] initcall md_init+0x0/0x170 returned 0 after 1000 usecs
[    2.061611] calling  edac_init+0x0/0x90 @ 1
[    2.061611] EDAC MC: Ver: 3.0.0
[    2.062631] initcall edac_init+0x0/0x90 returned 0 after 1000 usecs
[    2.062631] calling  mmc_init+0x0/0x50 @ 1
[    2.062631] initcall mmc_init+0x0/0x50 returned 0 after 0 usecs
[    2.062631] calling  dmi_init+0x0/0x140 @ 1
[    2.062631] initcall dmi_init+0x0/0x140 returned 0 after 0 usecs
[    2.062631] calling  efisubsys_init+0x0/0x820 @ 1
[    2.062631] efivars: Registered efivars operations
[    2.063578] initcall efisubsys_init+0x0/0x820 returned 0 after 1000 usecs
[    2.063580] calling  vme_init+0x0/0x20 @ 1
[    2.063584] initcall vme_init+0x0/0x20 returned 0 after 0 usecs
[    2.063585] calling  intel_scu_ipc_init+0x0/0x20 @ 1
[    2.063587] initcall intel_scu_ipc_init+0x0/0x20 returned 0 after 0 usecs
[    2.063589] calling  remoteproc_init+0x0/0x90 @ 1
[    2.063600] initcall remoteproc_init+0x0/0x90 returned 0 after 0 usecs
[    2.063602] calling  devfreq_init+0x0/0x110 @ 1
[    2.063614] initcall devfreq_init+0x0/0x110 returned 0 after 0 usecs
[    2.063614] calling  devfreq_event_init+0x0/0x60 @ 1
[    2.063614] initcall devfreq_event_init+0x0/0x60 returned 0 after 0 usecs
[    2.063614] calling  devfreq_simple_ondemand_init+0x0/0x20 @ 1
[    2.063614] initcall devfreq_simple_ondemand_init+0x0/0x20 returned 0 after 0 usecs
[    2.063614] calling  devfreq_performance_init+0x0/0x20 @ 1
[    2.063614] initcall devfreq_performance_init+0x0/0x20 returned 0 after 0 usecs
[    2.063614] calling  devfreq_powersave_init+0x0/0x20 @ 1
[    2.063614] initcall devfreq_powersave_init+0x0/0x20 returned 0 after 0 usecs
[    2.063614] calling  devfreq_userspace_init+0x0/0x20 @ 1
[    2.063614] initcall devfreq_userspace_init+0x0/0x20 returned 0 after 0 usecs
[    2.063614] calling  devfreq_passive_init+0x0/0x20 @ 1
[    2.063614] initcall devfreq_passive_init+0x0/0x20 returned 0 after 0 usecs
[    2.063614] calling  ras_init+0x0/0x20 @ 1
[    2.063614] initcall ras_init+0x0/0x20 returned 0 after 0 usecs
[    2.063614] calling  nvmem_init+0x0/0x20 @ 1
[    2.063614] initcall nvmem_init+0x0/0x20 returned 0 after 0 usecs
[    2.063614] calling  hte_subsys_dbgfs_init+0x0/0x30 @ 1
[    2.063614] initcall hte_subsys_dbgfs_init+0x0/0x30 returned 0 after 0 usecs
[    2.063614] calling  dpll_init+0x0/0x20 @ 1
[    2.063614] initcall dpll_init+0x0/0x20 returned 0 after 0 usecs
[    2.063614] calling  proto_init+0x0/0x20 @ 1
[    2.063616] initcall proto_init+0x0/0x20 returned 0 after 0 usecs
[    2.063618] calling  net_dev_init+0x0/0x490 @ 1
[    2.063715] initcall net_dev_init+0x0/0x490 returned 0 after 0 usecs
[    2.063717] calling  neigh_init+0x0/0x30 @ 1
[    2.063720] initcall neigh_init+0x0/0x30 returned 0 after 0 usecs
[    2.063721] calling  fib_notifier_init+0x0/0x20 @ 1
[    2.063723] initcall fib_notifier_init+0x0/0x20 returned 0 after 0 usecs
[    2.063725] calling  netdev_genl_init+0x0/0x50 @ 1
[    2.063731] initcall netdev_genl_init+0x0/0x50 returned 0 after 0 usecs
[    2.063733] calling  page_pool_user_init+0x0/0x20 @ 1
[    2.063735] initcall page_pool_user_init+0x0/0x20 returned 0 after 0 usecs
[    2.063736] calling  fib_rules_init+0x0/0x80 @ 1
[    2.063738] initcall fib_rules_init+0x0/0x80 returned 0 after 0 usecs
[    2.063740] calling  init_cgroup_netprio+0x0/0x20 @ 1
[    2.063742] initcall init_cgroup_netprio+0x0/0x20 returned 0 after 0 usecs
[    2.063743] calling  bpf_lwt_init+0x0/0x30 @ 1
[    2.063745] initcall bpf_lwt_init+0x0/0x30 returned 0 after 0 usecs
[    2.063747] calling  pktsched_init+0x0/0xd0 @ 1
[    2.064141] initcall pktsched_init+0x0/0xd0 returned 0 after 0 usecs
[    2.064143] calling  tc_filter_init+0x0/0xb0 @ 1
[    2.064150] initcall tc_filter_init+0x0/0xb0 returned 0 after 0 usecs
[    2.064152] calling  tc_action_init+0x0/0x30 @ 1
[    2.064154] initcall tc_action_init+0x0/0x30 returned 0 after 0 usecs
[    2.064155] calling  ethnl_init+0x0/0x80 @ 1
[    2.064186] initcall ethnl_init+0x0/0x80 returned 0 after 0 usecs
[    2.064187] calling  nexthop_init+0x0/0x40 @ 1
[    2.064190] initcall nexthop_init+0x0/0x40 returned 0 after 0 usecs
[    2.064191] calling  cipso_v4_init+0x0/0xb0 @ 1
[    2.064193] initcall cipso_v4_init+0x0/0xb0 returned 0 after 0 usecs
[    2.064194] calling  devlink_init+0x0/0x70 @ 1
[    2.064227] initcall devlink_init+0x0/0x70 returned 0 after 0 usecs
[    2.064228] calling  wireless_nlevent_init+0x0/0x50 @ 1
[    2.064230] initcall wireless_nlevent_init+0x0/0x50 returned 0 after 0 usecs
[    2.064232] calling  netlbl_init+0x0/0x90 @ 1
[    2.064234] NetLabel: Initializing
[    2.064570] NetLabel:  domain hash size = 128
[    2.065148] NetLabel:  protocols = UNLABELED CIPSOv4 CALIPSO
[    2.065585] NetLabel:  unlabeled traffic allowed by default
[    2.066365] initcall netlbl_init+0x0/0x90 returned 0 after 2000 usecs
[    2.066367] calling  rfkill_init+0x0/0x180 @ 1
[    2.066381] initcall rfkill_init+0x0/0x180 returned 0 after 0 usecs
[    2.066381] calling  ncsi_init_netlink+0x0/0x20 @ 1
[    2.066381] initcall ncsi_init_netlink+0x0/0x20 returned 0 after 0 usecs
[    2.066381] calling  mctp_init+0x0/0xa0 @ 1
[    2.066381] mctp: management component transport protocol core
[    2.066570] NET: Registered PF_MCTP protocol family
[    2.067261] initcall mctp_init+0x0/0xa0 returned 0 after 1000 usecs
[    2.067263] calling  shaper_init+0x0/0x20 @ 1
[    2.067268] initcall shaper_init+0x0/0x20 returned 0 after 0 usecs
[    2.067270] calling  pci_subsys_init+0x0/0xa0 @ 1
[    2.067271] PCI: Using ACPI for IRQ routing
[    2.176830] PCI: pci_cache_line_size set to 64 bytes
[    2.176913] e820: reserve RAM buffer [mem 0x0080b000-0x008fffff]
[    2.176915] e820: reserve RAM buffer [mem 0x00811000-0x008fffff]
[    2.176916] e820: reserve RAM buffer [mem 0x7ea33000-0x7fffffff]
[    2.176917] e820: reserve RAM buffer [mem 0x7f6ed000-0x7fffffff]
[    2.176918] e820: reserve RAM buffer [mem 0x7fccf000-0x7fffffff]
[    2.176919] e820: reserve RAM buffer [mem 0x7fdfc000-0x7fffffff]
[    2.176920] initcall pci_subsys_init+0x0/0xa0 returned 0 after 110000 usecs
[    2.176922] calling  vsprintf_init_hashval+0x0/0x20 @ 1
[    2.176925] initcall vsprintf_init_hashval+0x0/0x20 returned 0 after 0 usecs
[    2.176926] calling  efi_runtime_map_init+0x0/0x290 @ 1
[    2.176939] initcall efi_runtime_map_init+0x0/0x290 returned 0 after 0 usecs
[    2.176941] calling  vga_arb_device_init+0x0/0xb0 @ 1
[    2.176951] vgaarb: loaded
[    2.176969] initcall vga_arb_device_init+0x0/0xb0 returned 0 after 0 usecs
[    2.176972] calling  intel_idle_init+0x0/0x11e0 @ 1
[    2.176975] initcall intel_idle_init+0x0/0x11e0 returned -19 after 0 usecs
[    2.176977] calling  watchdog_init+0x0/0xe0 @ 1
[    2.177597] initcall watchdog_init+0x0/0xe0 returned 0 after 1000 usecs
[    2.177597] entering initcall level: fs
[    2.177597] calling  nmi_warning_debugfs+0x0/0x40 @ 1
[    2.177602] initcall nmi_warning_debugfs+0x0/0x40 returned 0 after 0 usecs
[    2.177604] calling  hpet_late_init+0x0/0x4f0 @ 1
[    2.177619] hpet0: at MMIO 0xfed00000, IRQs 2, 8, 0
[    2.178268] hpet0: 3 comparators, 64-bit 100.000000 MHz counter
[    2.182568] initcall hpet_late_init+0x0/0x4f0 returned 0 after 5000 usecs
[    2.182570] calling  init_amd_nbs+0x0/0x330 @ 1
[    2.182572] initcall init_amd_nbs+0x0/0x330 returned 0 after 0 usecs
[    2.182574] calling  amd_smn_init+0x0/0x2f0 @ 1
[    2.182576] initcall amd_smn_init+0x0/0x2f0 returned 0 after 0 usecs
[    2.182578] calling  iomem_init_inode+0x0/0xb0 @ 1
[    2.182593] initcall iomem_init_inode+0x0/0xb0 returned 0 after 0 usecs
[    2.182595] calling  em_debug_init+0x0/0x30 @ 1
[    2.182597] initcall em_debug_init+0x0/0x30 returned 0 after 0 usecs
[    2.182598] calling  clocksource_done_booting+0x0/0x50 @ 1
[    2.182853] clocksource: Switched to clocksource kvm-clock
[    2.183438] initcall clocksource_done_booting+0x0/0x50 returned 0 after 872 usecs
[    2.183441] calling  tracer_init_tracefs+0x0/0x100 @ 1
[    2.183472] initcall tracer_init_tracefs+0x0/0x100 returned 0 after 28 usecs
[    2.183474] calling  init_trace_printk_function_export+0x0/0x40 @ 1
[    2.183478] initcall init_trace_printk_function_export+0x0/0x40 returned 0 after 1 usecs
[    2.183480] calling  init_graph_tracefs+0x0/0x40 @ 1
[    2.183483] initcall init_graph_tracefs+0x0/0x40 returned 0 after 0 usecs
[    2.183485] calling  trace_events_synth_init+0x0/0x60 @ 1
[    2.183487] initcall trace_events_synth_init+0x0/0x60 returned 0 after 0 usecs
[    2.183488] calling  trace_events_user_init+0x0/0x2d0 @ 1
[    2.183498] initcall trace_events_user_init+0x0/0x2d0 returned 0 after 9 usecs
[    2.183499] calling  bpf_event_init+0x0/0x20 @ 1
[    2.183501] initcall bpf_event_init+0x0/0x20 returned 0 after 0 usecs
[    2.183502] calling  init_kprobe_trace+0x0/0x200 @ 1
[    2.183505] initcall init_kprobe_trace+0x0/0x200 returned 0 after 1 usecs
[    2.183506] calling  init_dynamic_event+0x0/0x40 @ 1
[    2.183508] initcall init_dynamic_event+0x0/0x40 returned 0 after 0 usecs
[    2.183509] calling  init_uprobe_trace+0x0/0x90 @ 1
[    2.183511] initcall init_uprobe_trace+0x0/0x90 returned 0 after 1 usecs
[    2.183512] calling  bpf_init+0x0/0x70 @ 1
[    2.183516] initcall bpf_init+0x0/0x70 returned 0 after 2 usecs
[    2.183517] calling  btf_module_init+0x0/0x20 @ 1
[    2.183519] initcall btf_module_init+0x0/0x20 returned 0 after 0 usecs
[    2.183520] calling  secretmem_init+0x0/0x60 @ 1
[    2.183531] initcall secretmem_init+0x0/0x60 returned 0 after 9 usecs
[    2.183533] calling  init_fs_stat_sysctls+0x0/0x50 @ 1
[    2.183537] initcall init_fs_stat_sysctls+0x0/0x50 returned 0 after 3 usecs
[    2.183539] calling  init_fs_exec_sysctls+0x0/0x40 @ 1
[    2.183541] initcall init_fs_exec_sysctls+0x0/0x40 returned 0 after 0 usecs
[    2.183542] calling  init_pipe_fs+0x0/0x80 @ 1
[    2.183554] initcall init_pipe_fs+0x0/0x80 returned 0 after 10 usecs
[    2.183556] calling  init_fs_namei_sysctls+0x0/0x40 @ 1
[    2.183558] initcall init_fs_namei_sysctls+0x0/0x40 returned 0 after 1 usecs
[    2.183560] calling  init_fs_dcache_sysctls+0x0/0x60 @ 1
[    2.183564] initcall init_fs_dcache_sysctls+0x0/0x60 returned 0 after 2 usecs
[    2.183566] calling  init_fs_namespace_sysctls+0x0/0x40 @ 1
[    2.183568] initcall init_fs_namespace_sysctls+0x0/0x40 returned 0 after 0 usecs
[    2.183570] calling  cgroup_writeback_init+0x0/0x40 @ 1
[    2.183579] initcall cgroup_writeback_init+0x0/0x40 returned 0 after 8 usecs
[    2.183581] calling  inotify_user_setup+0x0/0x150 @ 1
[    2.183587] initcall inotify_user_setup+0x0/0x150 returned 0 after 4 usecs
[    2.183589] calling  eventpoll_init+0x0/0x1e0 @ 1
[    2.183613] initcall eventpoll_init+0x0/0x1e0 returned 0 after 21 usecs
[    2.183615] calling  anon_inode_init+0x0/0x70 @ 1
[    2.183626] initcall anon_inode_init+0x0/0x70 returned 0 after 8 usecs
[    2.183628] calling  init_dax_wait_table+0x0/0x50 @ 1
[    2.183642] initcall init_dax_wait_table+0x0/0x50 returned 0 after 12 usecs
[    2.183644] calling  proc_locks_init+0x0/0x40 @ 1
[    2.183651] initcall proc_locks_init+0x0/0x40 returned 0 after 1 usecs
[    2.183653] calling  backing_aio_init+0x0/0xa0 @ 1
[    2.183658] initcall backing_aio_init+0x0/0xa0 returned 0 after 1 usecs
[    2.183660] calling  init_fs_coredump_sysctls+0x0/0x40 @ 1
[    2.183665] initcall init_fs_coredump_sysctls+0x0/0x40 returned 0 after 3 usecs
[    2.183667] calling  init_vm_drop_caches_sysctls+0x0/0x40 @ 1
[    2.183670] initcall init_vm_drop_caches_sysctls+0x0/0x40 returned 0 after 0 usecs
[    2.183672] calling  iomap_dio_init+0x0/0x40 @ 1
[    2.183679] initcall iomap_dio_init+0x0/0x40 returned 0 after 4 usecs
[    2.183681] calling  iomap_ioend_init+0x0/0x40 @ 1
[    2.183704] initcall iomap_ioend_init+0x0/0x40 returned 0 after 21 usecs
[    2.183707] calling  dquot_init+0x0/0x1e0 @ 1
[    2.183709] VFS: Disk quotas dquot_6.6.0
[    2.184306] VFS: Dquot-cache hash table entries: 512 (order 0, 4096 bytes)
[    2.185403] initcall dquot_init+0x0/0x1e0 returned 0 after 1693 usecs
[    2.185405] calling  quota_init+0x0/0x40 @ 1
[    2.185412] initcall quota_init+0x0/0x40 returned 0 after 4 usecs
[    2.185414] calling  proc_cmdline_init+0x0/0x50 @ 1
[    2.185416] initcall proc_cmdline_init+0x0/0x50 returned 0 after 0 usecs
[    2.185417] calling  proc_consoles_init+0x0/0x40 @ 1
[    2.185419] initcall proc_consoles_init+0x0/0x40 returned 0 after 0 usecs
[    2.185420] calling  proc_cpuinfo_init+0x0/0x30 @ 1
[    2.185421] initcall proc_cpuinfo_init+0x0/0x30 returned 0 after 0 usecs
[    2.185422] calling  proc_devices_init+0x0/0x50 @ 1
[    2.185423] initcall proc_devices_init+0x0/0x50 returned 0 after 0 usecs
[    2.185425] calling  proc_interrupts_init+0x0/0x40 @ 1
[    2.185426] initcall proc_interrupts_init+0x0/0x40 returned 0 after 0 usecs
[    2.185427] calling  proc_loadavg_init+0x0/0x40 @ 1
[    2.185428] initcall proc_loadavg_init+0x0/0x40 returned 0 after 0 usecs
[    2.185429] calling  proc_meminfo_init+0x0/0x40 @ 1
[    2.185431] initcall proc_meminfo_init+0x0/0x40 returned 0 after 0 usecs
[    2.185432] calling  proc_stat_init+0x0/0x30 @ 1
[    2.185433] initcall proc_stat_init+0x0/0x30 returned 0 after 0 usecs
[    2.185434] calling  proc_uptime_init+0x0/0x40 @ 1
[    2.185436] initcall proc_uptime_init+0x0/0x40 returned 0 after 0 usecs
[    2.185437] calling  proc_version_init+0x0/0x40 @ 1
[    2.185438] initcall proc_version_init+0x0/0x40 returned 0 after 0 usecs
[    2.185439] calling  proc_softirqs_init+0x0/0x40 @ 1
[    2.185440] initcall proc_softirqs_init+0x0/0x40 returned 0 after 0 usecs
[    2.185442] calling  proc_kcore_init+0x0/0x1b0 @ 1
[    2.185901] initcall proc_kcore_init+0x0/0x1b0 returned 0 after 458 usecs
[    2.185912] calling  vmcore_init+0x0/0x6b0 @ 1
[    2.185914] initcall vmcore_init+0x0/0x6b0 returned 0 after 0 usecs
[    2.185915] calling  proc_kmsg_init+0x0/0x40 @ 1
[    2.185917] initcall proc_kmsg_init+0x0/0x40 returned 0 after 0 usecs
[    2.185918] calling  proc_page_init+0x0/0x70 @ 1
[    2.185920] initcall proc_page_init+0x0/0x70 returned 0 after 0 usecs
[    2.185921] calling  proc_boot_config_init+0x0/0xa0 @ 1
[    2.185923] initcall proc_boot_config_init+0x0/0xa0 returned 0 after 0 usecs
[    2.185925] calling  init_ramfs_fs+0x0/0x20 @ 1
[    2.185927] initcall init_ramfs_fs+0x0/0x20 returned 0 after 0 usecs
[    2.185928] calling  init_hugetlbfs_fs+0x0/0x2a0 @ 1
[    2.185962] initcall init_hugetlbfs_fs+0x0/0x2a0 returned 0 after 32 usecs
[    2.185964] calling  tomoyo_interface_init+0x0/0x1c0 @ 1
[    2.185967] initcall tomoyo_interface_init+0x0/0x1c0 returned 0 after 0 usecs
[    2.185969] calling  aa_create_aafs+0x0/0x410 @ 1
[    2.186034] AppArmor: AppArmor Filesystem Enabled
[    2.186698] initcall aa_create_aafs+0x0/0x410 returned 0 after 728 usecs
[    2.186699] calling  safesetid_init_securityfs+0x0/0xd0 @ 1
[    2.186700] initcall safesetid_init_securityfs+0x0/0xd0 returned 0 after 0 usecs
[    2.186702] calling  dynamic_debug_init_control+0x0/0xb0 @ 1
[    2.186706] initcall dynamic_debug_init_control+0x0/0xb0 returned 0 after 2 usecs
[    2.186707] calling  acpi_event_init+0x0/0x50 @ 1
[    2.186712] initcall acpi_event_init+0x0/0x50 returned 0 after 2 usecs
[    2.186713] calling  acpi_init_fpdt+0x0/0x3c0 @ 1
[    2.186716] initcall acpi_init_fpdt+0x0/0x3c0 returned 0 after 0 usecs
[    2.186717] calling  pnp_system_init+0x0/0x20 @ 1
[    2.186731] initcall pnp_system_init+0x0/0x20 returned 0 after 11 usecs
[    2.186732] calling  pnpacpi_init+0x0/0x90 @ 1
[    2.186734] pnp: PnP ACPI init
[    2.187235] system 00:04: [mem 0xe0000000-0xefffffff window] has been reserved
[    2.188181] probe of 00:04 returned 0 after 950 usecs
[    2.188373] pnp: PnP ACPI: found 5 devices
[    2.188921] initcall pnpacpi_init+0x0/0x90 returned 0 after 2187 usecs
[    2.188923] calling  reg_event_init+0x0/0x40 @ 1
[    2.188928] initcall reg_event_init+0x0/0x40 returned 0 after 2 usecs
[    2.188930] calling  chr_dev_init+0x0/0xf0 @ 1
[    2.192606] initcall chr_dev_init+0x0/0xf0 returned 0 after 3674 usecs
[    2.192609] calling  hwrng_modinit+0x0/0x120 @ 1
[    2.192687] initcall hwrng_modinit+0x0/0x120 returned 0 after 77 usecs
[    2.192689] calling  firmware_class_init+0x0/0x140 @ 1
[    2.192696] initcall firmware_class_init+0x0/0x140 returned 0 after 5 usecs
[    2.192699] calling  map_properties+0x0/0x700 @ 1
[    2.192701] initcall map_properties+0x0/0x700 returned 0 after 0 usecs
[    2.192703] calling  efi_mokvar_sysfs_init+0x0/0x1f0 @ 1
[    2.192713] initcall efi_mokvar_sysfs_init+0x0/0x1f0 returned 0 after 7 usecs
[    2.192715] calling  init_acpi_pm_clocksource+0x0/0x120 @ 1
[    2.197280] clocksource: acpi_pm: mask: 0xffffff max_cycles: 0xffffff, max_idle_ns: 2085701024 ns
[    2.198440] initcall init_acpi_pm_clocksource+0x0/0x120 returned 0 after 5723 usecs
[    2.198442] calling  powercap_init+0x0/0x450 @ 1
[    2.198452] initcall powercap_init+0x0/0x450 returned 0 after 9 usecs
[    2.198453] calling  sysctl_core_init+0x0/0x50 @ 1
[    2.198466] initcall sysctl_core_init+0x0/0x50 returned 0 after 10 usecs
[    2.198467] calling  eth_offload_init+0x0/0x20 @ 1
[    2.198469] initcall eth_offload_init+0x0/0x20 returned 0 after 0 usecs
[    2.198471] calling  ipv4_offload_init+0x0/0xe0 @ 1
[    2.198474] initcall ipv4_offload_init+0x0/0xe0 returned 0 after 0 usecs
[    2.198476] calling  inet_init+0x0/0x370 @ 1
[    2.198522] NET: Registered PF_INET protocol family
[    2.200227] IP idents hash table entries: 262144 (order: 9, 2097152 bytes, linear)
[    2.214513] tcp_listen_portaddr_hash hash table entries: 65536 (order: 8, 1048576 bytes, linear)
[    2.215694] Table-perturb hash table entries: 65536 (order: 6, 262144 bytes, linear)
[    2.218512] TCP established hash table entries: 524288 (order: 10, 4194304 bytes, linear)
[    2.220666] TCP bind hash table entries: 65536 (order: 9, 2097152 bytes, linear)
[    2.221794] TCP: Hash tables configured (established 524288 bind 65536)
[    2.223488] MPTCP token hash table entries: 65536 (order: 9, 1572864 bytes, linear)
[    2.226132] UDP hash table entries: 65536 (order: 10, 4194304 bytes, linear)
[    2.228840] UDP-Lite hash table entries: 65536 (order: 10, 4194304 bytes, linear)
[    2.230208] initcall inet_init+0x0/0x370 returned 0 after 31729 usecs
[    2.230214] calling  af_unix_init+0x0/0x180 @ 1
[    2.230219] NET: Registered PF_UNIX/PF_LOCAL protocol family
[    2.230981] initcall af_unix_init+0x0/0x180 returned 0 after 765 usecs
[    2.230983] calling  ipv6_offload_init+0x0/0xf0 @ 1
[    2.230986] initcall ipv6_offload_init+0x0/0xf0 returned 0 after 1 usecs
[    2.230988] calling  vlan_offload_init+0x0/0x30 @ 1
[    2.230990] initcall vlan_offload_init+0x0/0x30 returned 0 after 0 usecs
[    2.230992] calling  xsk_init+0x0/0x130 @ 1
[    2.230994] NET: Registered PF_XDP protocol family
[    2.231640] initcall xsk_init+0x0/0x130 returned 0 after 646 usecs
[    2.231642] calling  pcibios_assign_resources+0x0/0xe0 @ 1
[    2.231646] pci 0000:00:01.0: ROM [mem 0xfff80000-0xffffffff pref]: can't claim; no compatible bridge window
[    2.232927] pci 0000:00:01.0: ROM [mem 0x80000000-0x8007ffff pref]: assigned
[    2.233861] pci_bus 0000:00: resource 4 [io  0x0000-0x0cf7 window]
[    2.234691] pci_bus 0000:00: resource 5 [io  0x0d00-0xffff window]
[    2.235507] pci_bus 0000:00: resource 6 [mem 0x000a0000-0x000bffff window]
[    2.236424] pci_bus 0000:00: resource 7 [mem 0x80000000-0xdfffffff window]
[    2.237356] pci_bus 0000:00: resource 8 [mem 0xf0000000-0xfebfffff window]
[    2.238295] pci_bus 0000:00: resource 9 [mem 0x380000000000-0x3807ffffffff window]
[    2.239287] initcall pcibios_assign_resources+0x0/0xe0 returned 0 after 7642 usecs
[    2.239290] calling  pci_apply_final_quirks+0x0/0x160 @ 1
[    2.239344] PCI: CLS 0 bytes, default 64
[    2.239869] initcall pci_apply_final_quirks+0x0/0x160 returned 0 after 577 usecs
[    2.239871] calling  acpi_reserve_resources+0x0/0x120 @ 1
[    2.239874] initcall acpi_reserve_resources+0x0/0x120 returned 0 after 1 usecs
[    2.239875] calling  p2sb_fs_init+0x0/0x1f0 @ 1
[    2.239908] initcall p2sb_fs_init+0x0/0x1f0 returned -2 after 31 usecs
[    2.239909] calling  populate_rootfs+0x0/0x90 @ 1
[    2.239916] initcall populate_rootfs+0x0/0x90 returned 0 after 3 usecs
[    2.239918] calling  pci_iommu_init+0x0/0x70 @ 1
[    2.239921] PCI-DMA: Using software bounce buffering for IO (SWIOTLB)
[    2.240214] Trying to unpack rootfs image as initramfs...
[    2.240800] software IO TLB: mapped [mem 0x000000005093e000-0x000000005493e000] (64MB)
[    2.240803] initcall pci_iommu_init+0x0/0x70 returned 0 after 882 usecs
[    2.244842] calling  ir_dev_scope_init+0x0/0x50 @ 1
[    2.244845] initcall ir_dev_scope_init+0x0/0x50 returned 0 after 0 usecs
[    2.244866] entering initcall level: device
[    2.244867] calling  snp_init_platform_device+0x0/0xe0 @ 1
[    2.244868] initcall snp_init_platform_device+0x0/0xe0 returned -19 after 0 usecs
[    2.244870] calling  ia32_binfmt_init+0x0/0x30 @ 1
[    2.244872] initcall ia32_binfmt_init+0x0/0x30 returned 0 after 1 usecs
[    2.244873] calling  amd_ibs_init+0x0/0x440 @ 1
[    2.244875] initcall amd_ibs_init+0x0/0x440 returned -19 after 0 usecs
[    2.244876] calling  amd_iommu_pc_init+0x0/0x2f0 @ 1
[    2.244878] initcall amd_iommu_pc_init+0x0/0x2f0 returned -19 after 0 usecs
[    2.244879] calling  msr_init+0x0/0x80 @ 1
[    2.244892] initcall msr_init+0x0/0x80 returned 0 after 11 usecs
[    2.244893] calling  intel_uncore_init+0x0/0x720 @ 1
[    2.244895] initcall intel_uncore_init+0x0/0x720 returned -19 after 0 usecs
[    2.244897] calling  register_kernel_offset_dumper+0x0/0x30 @ 1
[    2.244900] initcall register_kernel_offset_dumper+0x0/0x30 returned 0 after 0 usecs
[    2.244901] calling  i8259A_init_ops+0x0/0x40 @ 1
[    2.244909] initcall i8259A_init_ops+0x0/0x40 returned 0 after 0 usecs
[    2.244911] calling  init_tsc_clocksource+0x0/0xf0 @ 1
[    2.244913] clocksource: tsc: mask: 0xffffffffffffffff max_cycles: 0x26eb3e3cc63, max_idle_ns: 440795236593 ns
[    2.246240] initcall init_tsc_clocksource+0x0/0xf0 returned 0 after 1327 usecs
[    2.246241] calling  add_rtc_cmos+0x0/0xc0 @ 1
[    2.246243] initcall add_rtc_cmos+0x0/0xc0 returned 0 after 1 usecs
[    2.246245] calling  i8237A_init_ops+0x0/0x60 @ 1
[    2.246282] initcall i8237A_init_ops+0x0/0x60 returned -19 after 36 usecs
[    2.246284] calling  umwait_init+0x0/0xc0 @ 1
[    2.254144] initcall umwait_init+0x0/0xc0 returned 0 after 7858 usecs
[    2.254146] calling  sgx_init+0x0/0x590 @ 1
[    2.254150] sgx: There are zero EPC sections.
[    2.254709] initcall sgx_init+0x0/0x590 returned -12 after 561 usecs
[    2.254710] calling  ioapic_init_ops+0x0/0x20 @ 1
[    2.254712] initcall ioapic_init_ops+0x0/0x20 returned 0 after 0 usecs
[    2.254714] calling  register_e820_pmem+0x0/0xa0 @ 1
[    2.254717] initcall register_e820_pmem+0x0/0xa0 returned 0 after 1 usecs
[    2.254719] calling  add_pcspkr+0x0/0x80 @ 1
[    2.254740] initcall add_pcspkr+0x0/0x80 returned 0 after 19 usecs
[    2.254742] calling  start_periodic_check_for_corruption+0x0/0x70 @ 1
[    2.254746] initcall start_periodic_check_for_corruption+0x0/0x70 returned 0 after 0 usecs
[    2.254747] calling  audit_classes_init+0x0/0xc0 @ 1
[    2.254754] initcall audit_classes_init+0x0/0xc0 returned 0 after 4 usecs
[    2.254756] calling  pt_dump_init+0x0/0x80 @ 1
[    2.254757] initcall pt_dump_init+0x0/0x80 returned 0 after 0 usecs
[    2.254759] calling  iosf_mbi_init+0x0/0xc0 @ 1
[    2.254778] initcall iosf_mbi_init+0x0/0xc0 returned 0 after 17 usecs
[    2.254780] calling  proc_execdomains_init+0x0/0x40 @ 1
[    2.254783] initcall proc_execdomains_init+0x0/0x40 returned 0 after 1 usecs
[    2.254784] calling  register_warn_debugfs+0x0/0x40 @ 1
[    2.254785] initcall register_warn_debugfs+0x0/0x40 returned 0 after 0 usecs
[    2.254787] calling  cpuhp_sysfs_init+0x0/0x110 @ 1
[    2.254825] initcall cpuhp_sysfs_init+0x0/0x110 returned 0 after 37 usecs
[    2.254827] calling  ioresources_init+0x0/0x70 @ 1
[    2.254829] initcall ioresources_init+0x0/0x70 returned 0 after 1 usecs
[    2.254830] calling  psi_proc_init+0x0/0xc0 @ 1
[    2.254834] initcall psi_proc_init+0x0/0xc0 returned 0 after 1 usecs
[    2.254836] calling  snapshot_device_init+0x0/0x20 @ 1
[    2.255193] initcall snapshot_device_init+0x0/0x20 returned 0 after 355 usecs
[    2.255194] calling  irq_gc_init_ops+0x0/0x20 @ 1
[    2.255196] initcall irq_gc_init_ops+0x0/0x20 returned 0 after 0 usecs
[    2.255197] calling  irq_pm_init_ops+0x0/0x20 @ 1
[    2.255198] initcall irq_pm_init_ops+0x0/0x20 returned 0 after 0 usecs
[    2.255200] calling  klp_init+0x0/0x40 @ 1
[    2.255202] initcall klp_init+0x0/0x40 returned 0 after 1 usecs
[    2.255203] calling  proc_modules_init+0x0/0x30 @ 1
[    2.255206] initcall proc_modules_init+0x0/0x30 returned 0 after 0 usecs
[    2.255207] calling  timer_sysctl_init+0x0/0x30 @ 1
[    2.255210] initcall timer_sysctl_init+0x0/0x30 returned 0 after 1 usecs
[    2.255212] calling  timekeeping_init_ops+0x0/0x20 @ 1
[    2.255214] initcall timekeeping_init_ops+0x0/0x20 returned 0 after 0 usecs
[    2.255215] calling  init_clocksource_sysfs+0x0/0x40 @ 1
[    2.255234] initcall init_clocksource_sysfs+0x0/0x40 returned 0 after 16 usecs
[    2.255235] calling  init_timer_list_procfs+0x0/0x50 @ 1
[    2.255238] initcall init_timer_list_procfs+0x0/0x50 returned 0 after 0 usecs
[    2.255239] calling  alarmtimer_init+0x0/0x100 @ 1
[    2.255246] initcall alarmtimer_init+0x0/0x100 returned 0 after 5 usecs
[    2.255248] calling  clockevents_init_sysfs+0x0/0x110 @ 1
[    2.255403] initcall clockevents_init_sysfs+0x0/0x110 returned 0 after 153 usecs
[    2.255405] calling  proc_dma_init+0x0/0x40 @ 1
[    2.255408] initcall proc_dma_init+0x0/0x40 returned 0 after 0 usecs
[    2.255410] calling  kallsyms_init+0x0/0x40 @ 1
[    2.255412] initcall kallsyms_init+0x0/0x40 returned 0 after 0 usecs
[    2.255414] calling  pid_namespaces_init+0x0/0xf0 @ 1
[    2.255429] initcall pid_namespaces_init+0x0/0xf0 returned 0 after 13 usecs
[    2.255430] calling  audit_watch_init+0x0/0x60 @ 1
[    2.255432] initcall audit_watch_init+0x0/0x60 returned 0 after 0 usecs
[    2.255433] calling  audit_fsnotify_init+0x0/0x60 @ 1
[    2.255434] initcall audit_fsnotify_init+0x0/0x60 returned 0 after 0 usecs
[    2.255435] calling  audit_tree_init+0x0/0x100 @ 1
[    2.255438] initcall audit_tree_init+0x0/0x100 returned 0 after 1 usecs
[    2.255439] calling  seccomp_sysctl_init+0x0/0x40 @ 1
[    2.255442] initcall seccomp_sysctl_init+0x0/0x40 returned 0 after 1 usecs
[    2.255444] calling  utsname_sysctl_init+0x0/0x30 @ 1
[    2.255448] initcall utsname_sysctl_init+0x0/0x30 returned 0 after 2 usecs
[    2.255449] calling  init_tracepoints+0x0/0x50 @ 1
[    2.255452] initcall init_tracepoints+0x0/0x50 returned 0 after 1 usecs
[    2.255453] calling  init_lstats_procfs+0x0/0x60 @ 1
[    2.255455] initcall init_lstats_procfs+0x0/0x60 returned 0 after 0 usecs
[    2.255457] calling  stack_trace_init+0x0/0xd0 @ 1
[    2.255462] initcall stack_trace_init+0x0/0xd0 returned 0 after 3 usecs
[    2.255464] calling  init_mmio_trace+0x0/0x20 @ 1
[    2.255468] initcall init_mmio_trace+0x0/0x20 returned 0 after 2 usecs
[    2.255470] calling  init_blk_tracer+0x0/0x60 @ 1
[    2.255475] initcall init_blk_tracer+0x0/0x60 returned 0 after 3 usecs
[    2.255477] calling  register_wwnr+0x0/0x30 @ 1
[    2.255482] initcall register_wwnr+0x0/0x30 returned 0 after 3 usecs
[    2.255484] calling  register_react_printk+0x0/0x20 @ 1
[    2.255485] initcall register_react_printk+0x0/0x20 returned 0 after 0 usecs
[    2.255486] calling  register_react_panic+0x0/0x20 @ 1
[    2.255488] initcall register_react_panic+0x0/0x20 returned 0 after 0 usecs
[    2.255489] calling  perf_event_sysfs_init+0x0/0xb0 @ 1
[    2.255557] initcall perf_event_sysfs_init+0x0/0xb0 returned 0 after 65 usecs
[    2.255558] calling  system_trusted_keyring_init+0x0/0x150 @ 1
[    2.255560] Initialise system trusted keyrings
[    2.256138] initcall system_trusted_keyring_init+0x0/0x150 returned 0 after 577 usecs
[    2.256140] calling  blacklist_init+0x0/0x140 @ 1
[    2.256143] Key type blacklist registered
[    2.256706] initcall blacklist_init+0x0/0x140 returned 0 after 564 usecs
[    2.256708] calling  kswapd_init+0x0/0x90 @ 1
[    2.257071] initcall kswapd_init+0x0/0x90 returned 0 after 360 usecs
[    2.257073] calling  extfrag_debug_init+0x0/0x80 @ 1
[    2.257077] initcall extfrag_debug_init+0x0/0x80 returned 0 after 2 usecs
[    2.257079] calling  mm_compute_batch_init+0x0/0x30 @ 1
[    2.257082] initcall mm_compute_batch_init+0x0/0x30 returned 0 after 0 usecs
[    2.257084] calling  slab_proc_init+0x0/0x40 @ 1
[    2.257086] initcall slab_proc_init+0x0/0x40 returned 0 after 0 usecs
[    2.257087] calling  workingset_init+0x0/0xe0 @ 1
[    2.257088] workingset: timestamp_bits=36 max_order=26 bucket_order=0
[    2.257950] initcall workingset_init+0x0/0xe0 returned 0 after 861 usecs
[    2.257951] calling  proc_vmalloc_init+0x0/0x40 @ 1
[    2.257953] initcall proc_vmalloc_init+0x0/0x40 returned 0 after 0 usecs
[    2.257954] calling  slab_debugfs_init+0x0/0x80 @ 1
[    2.257966] initcall slab_debugfs_init+0x0/0x80 returned 0 after 9 usecs
[    2.257967] calling  procswaps_init+0x0/0x30 @ 1
[    2.257969] initcall procswaps_init+0x0/0x30 returned 0 after 0 usecs
[    2.257971] calling  zs_init+0x0/0x30 @ 1
[    2.257973] initcall zs_init+0x0/0x30 returned 0 after 0 usecs
[    2.257974] calling  ptdump_debugfs_init+0x0/0x40 @ 1
[    2.257978] initcall ptdump_debugfs_init+0x0/0x40 returned 0 after 0 usecs
[    2.257980] calling  fcntl_init+0x0/0x90 @ 1
[    2.257983] initcall fcntl_init+0x0/0x90 returned 0 after 2 usecs
[    2.257985] calling  proc_filesystems_init+0x0/0x40 @ 1
[    2.257987] initcall proc_filesystems_init+0x0/0x40 returned 0 after 0 usecs
[    2.257988] calling  start_dirtytime_writeback+0x0/0x60 @ 1
[    2.257992] initcall start_dirtytime_writeback+0x0/0x60 returned 0 after 2 usecs
[    2.257994] calling  dio_init+0x0/0x90 @ 1
[    2.257997] initcall dio_init+0x0/0x90 returned 0 after 1 usecs
[    2.257999] calling  dnotify_init+0x0/0x130 @ 1
